[   56.549757] Fatal error on the modem.
[   56.549853] modem subsystem failure reason: dog_hb.c:266:Task starvation: tds_l1, ping: 4, triage with owner(d.dump 0xac71.
[   56.559563] ipa ipa_sps_irq_control_all:963 EP (5) not allocated.
[   56.572312] ipa ipa2_teardown_sys_pipe:1519 bad parm.
[   56.572369] ipa-wan ipa_wwan_remove:2238 Failed to teardown IPA->APPS pipe
[   56.578395] [RMNET:HI] rmnet_config_notify_cb(): Kernel is trying to unregister rmnet_ipa0
[   56.612194] [RMNET:HI] rmnet_config_notify_cb(): Kernel is trying to unregister rmnet_ipa0
[   56.612419] ipa-wan ipa_del_dflt_wan_rt_tables:391 Deleting Route hdl:(0x9) with ip type: 0
[   56.625075] ipa-wan ipa_del_dflt_wan_rt_tables:400 Deleting Route hdl:(0xb) with ip type: 1
[   56.656811] pil-q6v5-mss 4080000.qcom,mss: Port 0000000000000000 halt timeout
[   56.660041] Ramdump(ramdump_wcss_msa0): No consumers. Aborting..
[   56.663392] smd_channel_reset: allocation table not initialized
[   56.669438] ipa ipa_uc_reset_pipe:742 Invalid IPA client
[   56.676694] ipa ipa_uc_reset_pipe:742 Invalid IPA client
[   56.680721] ipa ipa_uc_reset_pipe:742 Invalid IPA client
[   56.687663] <CORE> smem:mpss glink_open: Error 0 - unable to find transport
[   56.691011] <LBSRV> smem:mpss:LOOPBACK_CTL_APSS glink_lbsrv_open_worker: unable to open channel
[   56.808627] type=1400 audit(1573109870.739:183): avc: denied { read } for pid=3265 comm="ueventd" name="mmcblk0p37" dev="tmpfs" ino=5735 scontext=u:r:ueventd:s0 tcontext=u:object_r:mba_debug_dev:s0 tclass=blk_file permissive=0
[   56.808759] type=1400 audit(1573109889.779:184): avc: denied { read } for pid=360 comm="kworker/1:1" name="mmcblk0p37" dev="tmpfs" ino=5735 scontext=u:r:kernel:s0 tcontext=u:object_r:mba_debug_dev:s0 tclass=blk_file permissive=0
[   56.812983] ueventd: firmware: could not find firmware for msadp
[   56.829690] pil-q6v5-mss 4080000.qcom,mss: Debug policy not present - msadp. Continue.
[   56.854615] type=1400 audit(1573109889.779:184): avc: denied { read } for pid=360 comm="kworker/1:1" name="mmcblk0p37" dev="tmpfs" ino=5735 scontext=u:r:kernel:s0 tcontext=u:object_r:mba_debug_dev:s0 tclass=blk_file permissive=0
[   56.861824] type=1400 audit(1573109889.789:185): avc: denied { read } for pid=3457 comm="ueventd" name="mmcblk0p37" dev="tmpfs" ino=5735 scontext=u:r:ueventd:s0 tcontext=u:object_r:mba_debug_dev:s0 tclass=blk_file permissive=0
[   58.279078] rmt_storage:INFO:rmt_storage_open_cb: Processing: Open Request for /boot/modem_fs1!
[   58.282612] rmt_storage:INFO:rmt_storage_open_cb: Processing: Open Request for /boot/modem_fs2!
[   58.291793] rmt_storage:INFO:rmt_storage_open_cb: Processing: Open Request for /boot/modem_fsg!
[   58.298448] rmt_storage:INFO:rmt_storage_open_cb: Processing: Open Request for /boot/modem_fsc!
[   58.331783] rmt_storage:INFO:rmt_storage_alloc_buff_cb: elapsed time(ms) is 18972 >= 5000
[   58.331986] rmt_storage:INFO:rmt_storage_alloc_buff_cb: Received req_size: 0! avail: 2097152
[   58.341973] rmt_storage:INFO:rmt_storage_rw_iovec_cb: Read iovec request received for /boot/modem_fs1
[   58.348100] rmt_storage:INFO:rmt_storage_client_thread: Calling Read [offset=512, size=512]for /boot/modem_fs1!
[   58.356941] rmt_storage:INFO:rmt_storage_client_thread: Done Read (bytes = 512) for /boot/modem_fs1!
[   58.369886] rmt_storage:INFO:rmt_storage_rw_iovec_cb: Read iovec request received for /boot/modem_fs2
[   58.376688] rmt_storage:INFO:rmt_storage_client_thread: Calling Read [offset=512, size=512]for /boot/modem_fs2!
[   58.385404] rmt_storage:INFO:rmt_storage_client_thread: Done Read (bytes = 512) for /boot/modem_fs2!
[   58.397977] rmt_storage:INFO:rmt_storage_rw_iovec_cb: Read iovec request received for /boot/modem_fsg
[   58.404732] rmt_storage:INFO:rmt_storage_client_thread: Calling Read [offset=0, size=2097152]for /boot/modem_fsg!
[   58.415770] rmt_storage:INFO:rmt_storage_client_thread: Done Read (bytes = 2097152) for /boot/modem_fsg!
[   58.834947] ipa-wan handle_indication_req:135 not send indication
[   58.838378] ipa ipa_sps_irq_control_all:963 EP (5) not allocated.
[   58.860312] IPC_RTR: process_new_server_msg: Server 00001002 create rejected, version = 0
[   58.8
[   66.312496] PMIC input: code=116, sts=0x1
[   66.395575] dt401_resume
[   66.451797] i2c-msm-v2 c178000.i2c: msm_bus_scale_register_client(mstr-id:86):0x1e (ok)
[   66.452580] i2c-msm-v2 c178000.i2c: NACK: slave not responding, ensure its powered: msgs(n:1 cur:0 tx) bc(rx:0 tx:1) mode:FIFO slv_addr:0x48 MSTR_STS:0x0d1300c8 OPER:0x00000090
[   66.452626] dt401 4-004a: Unable to write i2c index
[   66.529810] PMIC input: code=116, sts=0x0

Format: Log Type - Time(microsec) - Message - Optional Info
Log Type: B - Since Boot(Power On Reset),  D - Delta,  S - Statistic
S - QC_IMAGE_VERSION_STRING=BOOT.XF.1.4-00267-S660LZB-1
S - IMAGE_VARIANT_STRING=Sdm660LA
S - OEM_IMAGE_VERSION_STRING=vagrant-VirtualBox
S - Boot Interface: eMMC
S - Secure Boot: Off
S - Boot Config @ 0x00786070 = 0x000001c1
S - JTAG ID @ 0x00786130 = 0x0008c0e1
S - OEM ID @ 0x00786138 = 0x00000000
S - Serial Number @ 0x00784138 = 0xeb0d8c71
S - OEM Config Row 0 @ 0x00784188 = 0x0000000000000000
S - OEM Config Row 1 @ 0x00784190 = 0x0000000000000000
S - Feature Config Row 0 @ 0x007841a0 = 0x0050200010f80000
S - Feature Config Row 1 @ 0x007841a8 = 0x00000000000000a0
S - Core 0 Frequency, 3715 MHz
S - PBL Patch Ver: 5
S - I-cache: On
S - D-cache: On
B -         0 - PBL, Start
B -      7027 - bootable_media_detect_entry, Start
B -     86294 - bootable_media_detect_success, Start
B -     86299 - elf_loader_entry, Start
B -     88163 - auth_hash_seg_entry, Start
B -     88493 - auth_hash_seg_exit, Start
B -    136785 - elf_segs_hash_verify_entry, Start
B -    184477 - elf_segs_hash_verify_exit, Start
B -    184490 - auth_xbl_sec_hash_seg_entry, Start
B -    213611 - auth_xbl_sec_hash_seg_exit, Start
B -    213613 - xbl_sec_segs_hash_verify_entry, Start
B -    220323 - xbl_sec_segs_hash_verify_exit, Start
B -    220369 - PBL, End
B -    246989 - SBL1, Start
B -    372069 - BootTempCheck: Device Temp: 32C
B -    372100 - usb: hs_phy_nondrive_start
B -    376278 - usb: hs_phy_nondrive_finish
B -    379542 - boot_flash_init, Start
D -         0 - boot_flash_init, Delta
B -    386923 - sbl1_ddr_set_default_params, Start
D -         0 - sbl1_ddr_set_default_params, Delta
B -    394914 - boot_config_data_table_init, Start
B -    451583 - Using default CDT
D -     52185 - boot_config_data_table_init, Delta - (0 Bytes)
B -    453535 - CDT Version:3,Platform ID:11,Major ID:1,Minor ID:0,Subtype:0
B -    459025 - Image Load, Start
D -       641 - Auth Metadata
D -       488 - Segments hash check
D -     12688 - PMIC Image Loaded, Delta - (34384 Bytes)
B -    475007 - pm_device_init, Start
B -    482296 - PM: PON REASON: PM0=0x4000004000020080:0x2000 PM1=0x4000004000080020:0x800 
B -    524661 - PM: SET_VAL:Skip
D -     45902 - pm_device_init, Delta
B -    526582 - pm_driver_init, Start
B -    533719 - PM: OCP Clearing for L4A is Skipped :PM660 is not supported the LDO4
D -      4209 - pm_driver_init, Delta
B -    540795 - pm_sbl_chg_init, Start
B -    544089 - PM: AMP/MKZ device, disabling SBL charger init
D -      3385 - pm_sbl_chg_init, Delta
B -    553026 - vsense_init, Start
D -         0 - vsense_init, Delta
B -    624304 - Pre_DDR_clock_init, Start
D -       244 - Pre_DDR_clock_init, Delta
D -         0 - sbl1_ddr_set_params, Delta
B -    633942 - MR5 = 0xff
B -    634400 - MR6 = 0x00
B -    636809 - MR7 = 0x01
B -    639249 - MR8 = 0x10
B -    641903 - do_ddr_training, Start
D -         0 - do_ddr_training, Delta
B -    661026 - clock_init, Start
D -       305 - clock_init, Delta
B -    663954 - Image Load, Start
D -      2044 - APDP Image Loaded, Delta - (0 Bytes)
B -    928359 - usb: fedl, vbus_low
B -    928389 - TCSR reg value 0x10 
B -    930860 - Image Load, Start
D -      6100 - Auth Metadata
D -      3416 - Segments hash check
D -     15830 - XBLRamDump Image Loaded, Delta - (177433 Bytes)

Format: Log Type - Time(microsec) - Message - Optional Info
Log Type: B - Since Boot(Power On Reset),  D - Delta,  S - Statistic
S - QC_IMAGE_VERSION_STRING=BOOT.XF.1.4-00267-S660LZB-1
S - IMAGE_VARIANT_STRING=Sdm660LA
S - OEM_IMAGE_VERSION_STRING=vagrant-VirtualBox
S - Boot Interface: eMMC
S - Secure Boot: Off
S - Boot Config @ 0x00786070 = 0x000001c1
S - JTAG ID @ 0x00786130 = 0x0008c0e1
S - OEM ID @ 0x00786138 = 0x00000000
S - Serial Number @ 0x00784138 = 0xeb0d8c71
S - OEM Config Row 0 @ 0x00784188 = 0x0000000000000000
S - OEM Config Row 1 @ 0x00784190 = 0x0000000000000000
S - Feature Config Row 0 @ 0x007841a0 = 0x0050200010f80000
S - Feature Config Row 1 @ 0x007841a8 = 0x00000000000000a0
S - Core 0 Frequency, 3715 MHz
S - PBL Patch Ver: 5
S - I-cache: On
S - D-cache: On
B -         0 - PBL, Start
B -      7027 - bootable_media_detect_entry, Start
B -     86295 - bootable_media_detect_success, Start
B -     86300 - elf_loader_entry, Start
B -     88165 - auth_hash_seg_entry, Start
B -     88495 - auth_hash_seg_exit, Start
B -    136831 - elf_segs_hash_verify_entry, Start
B -    184523 - elf_segs_hash_verify_exit, Start
B -    184535 - auth_xbl_sec_hash_seg_entry, Start
B -    213651 - auth_xbl_sec_hash_seg_exit, Start
B -    213653 - xbl_sec_segs_hash_verify_entry, Start
B -    220369 - xbl_sec_segs_hash_verify_exit, Start
B -    220415 - PBL, End
B -    246409 - SBL1, Start
B -    371185 - BootTempCheck: Device Temp: 32C
B -    371185 - usb: hs_phy_nondrive_start
B -    375363 - usb: hs_phy_nondrive_finish
B -    378627 - boot_flash_init, Start
D -         0 - boot_flash_init, Delta
B -    385977 - sbl1_ddr_set_default_params, Start
D -       122 - sbl1_ddr_set_default_params, Delta
B -    393968 - boot_config_data_table_init, Start
B -    452803 - Using default CDT
D -     54351 - boot_config_data_table_init, Delta - (0 Bytes)
B -    454755 - CDT Version:3,Platform ID:11,Major ID:1,Minor ID:0,Subtype:0
B -    460214 - Image Load, Start
D -       640 - Auth Metadata
D -       488 - Segments hash check
D -     12627 - PMIC Image Loaded, Delta - (34384 Bytes)
B -    476166 - pm_device_init, Start
B -    483425 - PM: PON REASON: PM0=0x8000028000000001:0x2000 PM1=0x8000088000000020:0x800 
B -    525759 - PM: SET_VAL:Skip
D -     45841 - pm_device_init, Delta
B -    527680 - pm_driver_init, Start
B -    534817 - PM: OCP Clearing for L4A is Skipped :PM660 is not supported the LDO4
D -      4209 - pm_driver_init, Delta
B -    541893 - pm_sbl_chg_init, Start
B -    545218 - PM: AMP/MKZ device, disabling SBL charger init
D -      3385 - pm_sbl_chg_init, Delta
B -    554124 - vsense_init, Start
D -         0 - vsense_init, Delta
B -    626988 - Pre_DDR_clock_init, Start
D -       396 - Pre_DDR_clock_init, Delta
D -         0 - sbl1_ddr_set_params, Delta
B -    638578 - MR5 = 0xff
B -    638578 - MR6 = 0x00
B -    639798 - MR7 = 0x01
B -    642238 - MR8 = 0x10
B -    644800 - DSF version = 37.0, DSF RPM version = 22.0
B -    647088 - Max Frequency = 1804 MHz
B -    652425 - do_ddr_training, Start
B -    664808 - Bootup frequency set to 1296000
D -      8784 - do_ddr_training, Delta
B -    684664 - clock_init, Start
D -       274 - clock_init, Delta
B -    687531 - Image Load, Start
D -      2104 - APDP Image Loaded, Delta - (0 Bytes)
B -    692685 - usb: EMMC Serial - ed5175ad
B -    697474 - usb: fedl, vbus_low
B -    704733 - PM: 0: PON=0x1:HARD_RESET: ON=0x80:PON_SEQ: POFF=0x2:PS_HOLD: OFF=0x80:POFF_SEQ: FAULT2=0x20:PBS_NACK
B -    704824 - PM: 1: PON=0x20:PON1: ON=0x80:PON_SEQ: POFF=0x8:GP1: OFF=0x80:POFF_SEQ: FAULT2=0x8:FAULT_N
B -    714798 - PM: SMEM Chgr Info Write Success
B -    724161 - sbl1_efs_handle_cookies, Start
D -      1128 - sbl1_efs_handle_cookies, Delta
B -    732671 - Image Load, Start
D -      2806 - Auth Metadata
D -      1067 - Segments hash check
D -     11346 - QSEE Dev Config Image Loaded, Delta - (42076 Bytes)
B -    746213 - Image Load, Start
D -       915 - SEC Image Loaded, Delta - (4096 Bytes)
B -    755058 - Image Load, Start
D -     23485 - Auth Metadata
D -     18300 - Segments hash check
D -     64843 - QSEE Image Loaded, Delta - (1946648 Bytes)
B -    821700 - Image Load, Start
D -      2806 - Auth Metadata
D -      4026 - Segments hash check
D -     17842 - QHEE Image Loaded, Delta - (273136 Bytes)
B -    841556 - Image Load, Start
D -      2897 - Auth Metadata
D -      2196 - Segments hash check
D -     16988 - RPM Image Loaded, Delta - (219388 Bytes)
B -    861686 - Image Load, Start
D -      3965 - STI Image Loaded, Delta - (0 Bytes)
B -    869463 - Image Load, Start
D -      2836 - Auth Metadata
D -      1342 - Segments hash check
D -     11377 - ABL Image Loaded, Delta - (117328 Bytes)
B -    883158 - Image Load, Start
D -      3446 - Auth Metadata
D -     13969 - Segments hash check
D -     34221 - APPSBL Image Loaded, Delta - (1792000 Bytes)
B -    919788 - SBL1, End
D -    678290 - SBL1, Delta
S - Flash Throughput, 84000 KB/s  (4434268 Bytes,  52236 us)
S - DDR Frequency, 1296 MHz


UEFI Start     [ 1094] SEC
PROD Mode   : On
DEBUG Mode : On
ASLR        : On
Timer Delta : +7 mS
RAM Entry 0 : Base 0x0000000080000000  Size 0x0000000080000000
RAM Entry 1 : Base 0x0000000100000000  Size 0x000000007E3C0000
UEFI Ver    : 4.2.191107.BOOT.XF.1.4-00267-S660LZB-1
Build Info  : 64b Nov  7 2019 02:03:12
Boot Device : eMMC
DALLOG Device [0x2000145]: Cannot turn on source[ACPL
read_partition: ANDROID-0006
DisplayDxe: display is turned on, device_info_status = 0
AdcResult (0x00001148) <= AADC_VALUE_RANGE_TABLE[i] (0x000003D7)
AdcResult (0x00001148) <= AADC_VALUE_RANGE_TABLE[i] (0x000007AE)
AdcResult (0x00001148) <= AADC_VALUE_RANGE_TABLE[i] (0x00000B85)
AdcResult (0x00001148) <= AADC_VALUE_RANGE_TABLE[i] (0x00000F5C)
AdcResult (0x00001148) <= AADC_VALUE_RANGE_TABLE[i] (0x00001333)
Returning BoardType: 0x00000005
Returning BoardType: 0x00000005
Returning BoardType: 0x00000005
A Mackenzie RN Display was found
Render Splash  [ 1643]
EnvDxe Render Callback
LoadSecureApps: Load app from partition(keymaster): Status = 0x0, AppId = 65537
APC1 IDDQ WC 0 , L2:0, CPU[0]:175, CPU[1]:175, CPU[2]:175, CPU[3]:175
 APC1 Total 700
Load CPU 0 Slp: 0x92, Int: 0x13
Load CPU 1 Slp: 0x1, Int: 0x0
Load CPU 2 Slp: 0xCA, Int: 0xFFFFFFC9
Load CPU 3 Slp: 0x1, Int: 0x0
GLD IDDQ WC 0
CPU PART GOOD [0x0] SUB_BIN[0x0]
-----------------------------
Platform Init  [ 1779] BDS
DisplayDxe: brightness value read from devinfo = 40 
DisplayDxe: brightness value read from devinfo = 40 
DisplayDxe: brightness value read from devinfo = 40 
UEFI Ver   : 4.2.191107.BOOT.XF.1.4-00267-S660LZB-1
Platform   : QRD
Chip Name  : SDM660
Chip Ver   : 1.0
Core 0 Freq: 1382400 MHz
-----------------------------
UEFI Total : 701 ms
POST Time      [ 1795] OS Loader
Loader Build Info: Nov  6 2019 20:14:33
GIT Baseline Tag: MKZ_O_TRAIN_CI_201911051210
Build Number: eng.vagran.20191106.201314
AdcResult (0x00001145) <= AADC_VALUE_RANGE_TABLE[i] (0x000003D7)
AdcResult (0x00001145) <= AADC_VALUE_RANGE_TABLE[i] (0x000007AE)
AdcResult (0x00001145) <= AADC_VALUE_RANGE_TABLE[i] (0x00000B85)
AdcResult (0x00001145) <= AADC_VALUE_RANGE_TABLE[i] (0x00000F5C)
AdcResult (0x00001145) <= AADC_VALUE_RANGE_TABLE[i] (0x00001333)
Board Type = 5 (0x1145 nCode, 505943 uV) MKZ_CB
read_partition: ANDROID-0006
Updating DeviceInfo Structure
AdcResult (0x00000004) <= AADC_VALUE_RANGE_TABLE[i] (0x000003D7)
ADC Value = 0 (0x4 nCode, 457 uV)
GetMsiBomRev():280 returned 1
AdcResult (0x00000004) <= AADC_VALUE_RANGE_TABLE[i] (0x000003D7)
ADC Value = 0 (0x4 nCode, 457 uV)
GetMsiLteID():349 returned 65536
Board Display ID: 0x00000006
AdcResult (0x00000004) <= AADC_VALUE_RANGE_TABLE[i] (0x000003D7)
ADC Value = 0 (0x4 nCode, 457 uV)
GetMsiCameraID():358 returned 1
Board Display ID: 0x00000006
AdcResult (0x00001145) <= AADC_VALUE_RANGE_TABLE[i] (0x000003D7)
AdcResult (0x00001145) <= AADC_VALUE_RANGE_TABLE[i] (0x000007AE)
AdcResult (0x00001145) <= AADC_VALUE_RANGE_TABLE[i] (0x00000B85)
AdcResult (0x00001145) <= AADC_VALUE_RANGE_TABLE[i] (0x00000F5C)
AdcResult (0x00001145) <= AADC_VALUE_RANGE_TABLE[i] (0x00001333)
Board Type = 5 (0x1145 nCode, 505943 uV) MKZ_CB
Platform is 11
GPIO 9 input level: 0
AdcResult (0x00001145) <= AADC_VALUE_RANGE_TABLE[i] (0x000003D7)
AdcResult (0x00001145) <= AADC_VALUE_RANGE_TABLE[i] (0x000007AE)
AdcResult (0x00001145) <= AADC_VALUE_RANGE_TABLE[i] (0x00000B85)
AdcResult (0x00001145) <= AADC_VALUE_RANGE_TABLE[i] (0x00000F5C)
AdcResult (0x00001145) <= AADC_VALUE_RANGE_TABLE[i] (0x00001333)
Board Type = 5 (0x1145 nCode, 505943 uV) MKZ_CB
This is MKZ!
Board Revision 0x0 (0) MKZ_CB1
AdcResult (0x00001146) <= AADC_VALUE_RANGE_TABLE[i] (0x000003D7)
AdcResult (0x00001146) <= AADC_VALUE_RANGE_TABLE[i] (0x000007AE)
AdcResult (0x00001146) <= AADC_VALUE_RANGE_TABLE[i] (0x00000B85)
AdcResult (0x00001146) <= AADC_VALUE_RANGE_TABLE[i] (0x00000F5C)
AdcResult (0x00001146) <= AADC_VALUE_RANGE_TABLE[i] (0x00001333)
Board Type = 5 (0x1146 nCode, 506057 uV) MKZ_CB
Mkz detected, configuring gpio13
Gpio 13 status: 1 uRetryCount: 1
Mkz Device - BootIntoFastboot = 0x00000000
GetRebootReason() returned: 0x00000000
Recovery command: 32 bootonce-bootloader
RecoveryInit() returned: 0x00000000
Always return BP ON for Mkz
Booting from slot (_a)
Loading Image Start : 1874 ms
Loading Image Done : 1875 ms
Total Image Read size : 2048 Bytes
Loading Image Start : 1875 ms
Loading Image Done : 2033 ms
Total Image Read size : 27107328 Bytes
VB: DeviceInit: Device is unlocked! Skipping verification!
VB: VerifyImage: Image verification done! boot state is: ORANGE
Display menu is not enabled!
Device is unlocked, Skipping boot verification
Unofficial image or lab cert installed, changing boot logo
DisplayDxe: brightness value read from devinfo = 40 
DrawBMPFile is successful
No Ffbm cookie found, ignore: Not Found
Memory Base Address: 0x80000000
Decompressing kernel image start: 2078 ms
Decompressing kernel image done: 2502 ms
Board Display ID: 0x00000006
AdcResult (0x00001146) <= AADC_VALUE_RANGE_TABLE[i] (0x000003D7)
AdcResult (0x00001146) <= AADC_VALUE_RANGE_TABLE[i] (0x000007AE)
AdcResult (0x00001146) <= AADC_VALUE_RANGE_TABLE[i] (0x00000B85)
AdcResult (0x00001146) <= AADC_VALUE_RANGE_TABLE[i] (0x00000F5C)
AdcResult (0x00001146) <= AADC_VALUE_RANGE_TABLE[i] (0x00001333)
Board Type = 5 (0x1146 nCode, 506057 uV) MKZ_CB
Cmdline: console=ttyMSM0,115200,n8 androidboot.console=ttyMSM0 earlycon=msm_serial_dm,0xc170000 androidboot.hardware=qcom user_debug=31 msm_rtb.filter=0x37 ehci-hcd.park=3 lpm_levels.sleep_disabled=1 sched_enable_hmp=1 sched_enable_power_aware=1 service_locator.enable=1 swiotlb=1 androidboot.configfs=true androidboot.usbcontroller=a800000.dwc3 buildvariant=userdebug veritykeyid=id:7e4333f9bba00adfe0ede979e28ed1920492b40f root=/dev/dm-0 dm="system none ro,0 1 android-verity /dev/mmcblk0p14" androidboot.verifiedbootstate=orange androidboot.keymaster=1  androidboot.veritymode=enforcing androidboot.bootdevice=c0c4000.sdhci androidboot.serialno=ed5175ad androidboot.mrvalues=0xFF000110 androidboot.crash_to_usb=0 androidboot.model=H90XDU9RA1AN androidboot.hardware_rev=MKZ_CB1 androidboot.display_id=6 androidboot.lte_board_id=00010000 androidboot.product_id=MKZ_CB androidboot.chipserialno=EB0D8C71 androidboot.vendor.motorolasolutions.ap_esn=00000001ED5175ADEB0D8C71 androidboot.bootid=84E5690E androidboot.lte_region=Unprogrammed androidboot.baseband=sdm mdss_mdp.panel=1:dsi:0:qcom,mdss_dsi_hx8363b_video:config0:1:none:cfg:single_dsi androidboot.abootversion=v1.01 androidboot.slot_suffix=_a skip_initramfs rootwait ro init=/init
BootLinux: GetImage failed!
Best match DTB tags 317/0056000B/0x00000000/0/1001B/1011A/0/0/(offset)0x98F80A53/(size)0x0005021A
Using pmic info 0x1001B/0x1011A/0x0/0x0 for device 0x2001B/0x102001A/0x0/0x0
Memory Base Address: 0x80000000
RAM Partitions
Adding Base: 0x0000000080000000 Available Length: 0x0000000080000000 
Adding Base: 0x0000000100000000 Available Length: 0x000000007E3C0000 
kaslr-Seed is added to chosen node

Shutting Down UEFI Boot Services: 2580 ms
WriteLogBufToPartition():1772 Writing to Filename:"UefiLog00000000029.txt"
WriteLogBufToPartition():1799 Writing to Filename:"UefiLog0.txt"
MSIBoardRev less than P2A 0 
App Log Flush : 254 ms
Exit BS        [ 2846] UEFI End
[    0.000000] Booting Linux on physical CPU 0x0
[    0.000000] Initializing cgroup subsys cpuset
[    0.000000] Initializing cgroup subsys cpu
[    0.000000] Initializing cgroup subsys cpuacct
[    0.000000] Initializing cgroup subsys schedtune
[    0.000000] Linux version 4.4.78+ (vagrant@vagrant-VirtualBox) (gcc version 4.9.x 20150123 (prerelease) (GCC) ) #1 SMP PREEMPT Wed Nov 6 21:23:11 EST 2019
[    0.000000] Boot CPU: AArch64 Processor [51af8014]
[    0.000000] Machine: Motorola Solutions, Inc. SDM660-MKZ-CB1-RN-PANEL
[    0.000000] earlycon: Early serial console at MMIO 0xc170000 (options '')
[    0.000000] bootconsole [uart0] enabled
[    0.000000] Reserved memory: reserved region for node 'wlan_msa_guard@85600000': base 0x0000000085600000, size 1 MiB
[    0.000000] Reserved memory: reserved region for node 'wlan_msa_mem@85700000': base 0x0000000085700000, size 1 MiB
[    0.000000] Reserved memory: reserved region for node 'removed_regions@85800000': base 0x0000000085800000, size 55 MiB
[    0.000000] Reserved memory: reserved region for node 'modem_fw_region@8ac00000': base 0x000000008ac00000, size 126 MiB
[    0.000000] Reserved memory: reserved region for node 'adsp_fw_region@92a00000': base 0x0000000092a00000, size 30 MiB
[    0.000000] Reserved memory: reserved region for node 'pil_mba_region@94800000': base 0x0000000094800000, size 2 MiB
[    0.000000] Reserved memory: reserved region for node 'cdsp_fw_region@94a00000': base 0x0000000094a00000, size 6 MiB
[    0.000000] Reserved memory: reserved region for node 'splash_region@9d400000': base 0x000000009d400000, size 35 MiB
[    0.000000] Reserved memory: reserved region for node 'dfps_data_mem@0x9f7ff000': base 0x000000009f7ff000, size 0 MiB
[    0.000000] Reserved memory: reserved region for node 'ramoops_region@88f00000': base 0x0000000088f00000, size 1 MiB
[    0.000000] Reserved memory: allocated memory for 'venus_fw_region' node: base 0x000000009f800000, size 8 MiB
[    0.000000] Reserved memory: created CMA memory pool at 0x000000009f800000, size 8 MiB
[    0.000000] Reserved memory: initialized node venus_fw_region, compatible id shared-dma-pool
[    0.000000] Reserved memory: allocated memory for 'adsp_region' node: base 0x00000000ff400000, size 8 MiB
[    0.000000] Reserved memory: created CMA memory pool at 0x00000000ff400000, size 8 MiB
[    0.000000] Reserved memory: initialized node adsp_region, compatible id shared-dma-pool
[    0.000000] Reserved memory: allocated memory for 'linux,cma' node: base 0x00000000fc800000, size 44 MiB
[    0.000000] Reserved memory: created CMA memory pool at 0x00000000fc800000, size 44 MiB
[    0.000000] Reserved memory: initialized node linux,cma, compatible id shared-dma-pool
[    0.000000] Reserved memory: allocated memory for 'secure_region' node: base 0x00000000f6c00000, size 92 MiB
[    0.000000] Reserved memory: created CMA memory pool at 0x00000000f6c00000, size 92 MiB
[    0.000000] Reserved memory: initialized node secure_region, compatible id shared-dma-pool
[    0.000000] Reserved memory: allocated memory for 'qseecom_region' node: base 0x00000000f5800000, size 20 MiB
[    0.000000] Reserved memory: created CMA memory pool at 0x00000000f5800000, size 20 MiB
[    0.000000] Reserved memory: initialized node qseecom_region, compatible id shared-dma-pool
[    0.000000] Removed memory: created DMA memory pool at 0x0000000085600000, size 1 MiB
[    0.000000] Reserved memory: initialized node wlan_msa_guard@85600000, compatible id removed-dma-pool
[    0.000000] Removed memory: created DMA memory pool at 0x0000000085700000, size 1 MiB
[    0.000000] Reserved memory: initialized node wlan_msa_mem@85700000, compatible id removed-dma-pool
[    0.000000] Removed memory: created DMA memory pool at 0x0000000085800000, size 55 MiB
[    0.000000] Reserved memory: initialized node removed_regions@85800000, compatible id removed-dma-pool
[    0.000000] Removed memory: created DMA memory pool at 0x0000000088f00000, size 1 MiB
[    0.000000] Reserved memory: initialized node ramoops_region@88f00000, compatible id removed-dma-pool
[    0.000000] Removed memory: created DMA memory pool at 0x000000008ac00000, size 126 MiB
[    0.000000] Reserved memory: initialized node modem_fw_region@8ac00000, compatible id removed-dma-pool
[    0.000000] Removed memory: created DMA memory pool at 0x0000000092a00000, size 30 MiB
[    0.000000] Reserved memory: initialized node adsp_fw_region@92a00000, compatible id removed-dma-pool
[    0.000000] Removed memory: created DMA memory pool at 0x0000000094800000, size 2 MiB
[    0.000000] Reserved memory: initialized node pil_mba_region@94800000, compatible id removed-dma-pool
[    0.000000] Removed memory: created DMA memory pool at 0x0000000094a00000, size 6 MiB
[    0.000000] Reserved memory: initialized node cdsp_fw_region@94a00000, compatible id removed-dma-pool
[    0.000000] psci: probing for conduit method from DT.
[    0.000000] psci: PSCIv1.0 detected in firmware.
[    0.000000] psci: Using standard PSCI v0.2 function IDs
[    0.000000] psci: MIGRATE_INFO_TYPE not supported.
[    0.000000] psci: Initializing psci_cpu_init
[    0.000000] psci: Initializing psci_cpu_init
[    0.000000] psci: Initializing psci_cpu_init
[    0.000000] psci: Initializing psci_cpu_init
[    0.000000] psci: Initializing psci_cpu_init
[    0.000000] psci: Initializing psci_cpu_init
[    0.000000] psci: Initializing psci_cpu_init
[    0.000000] PERCPU: Embedded 21 pages/cpu @ffffffc5b8958000 s48896 r8192 d28928 u86016
[    0.000000] CPU features: enabling workaround for Kryo2xx Silver erratum 845719
[    0.000000] Built 1 zonelists in Zone order, mobility grouping on.  Total pages: 965283
[    0.000000] Kernel command line: rcupdate.rcu_expedited=1 console=ttyMSM0,115200,n8 androidboot.console=ttyMSM0 earlycon=msm_serial_dm,0xc170000 androidboot.hardware=qcom user_debug=31 msm_rtb.filter=0x37 ehci-hcd.park=3 lpm_levels.sleep_disabled=1 sched_enable_hmp=1 sched_enable_power_aware=1 service_locator.enable=1 swiotlb=1 androidboot.configfs=true androidboot.usbcontroller=a800000.dwc3 buildvariant=userdebug veritykeyid=id:7e4333f9bba00adfe0ede979e28ed1920492b40f root=/dev/dm-0 dm="system none ro,0 1 android-verity /dev/mmcblk0p14" androidboot.verifiedbootstate=orange androidboot.keymaster=1  androidboot.veritymode=enforcing androidboot.bootdevice=c0c4000.sdhci androidboot.serialno=ed5175ad androidboot.mrvalues=0xFF000110 androidboot.crash_to_usb=0 androidboot.model=H90XDU9RA1AN androidboot.hardware_rev=MKZ_CB1 androidboot.display_id=6 androidboot.lte_board_id=00010000 androidboot.product_id=MKZ_CB androidboot.chipserialno=EB0D8C71 androidboot.vendor.motorolasolutions.ap_esn=00000[    0.000000] device-mapper: init: will configure 1 devices
[    0.000000] log_buf_len individual max cpu contribution: 131072 bytes
[    0.000000] log_buf_len total cpu_extra contributions: 917504 bytes
[    0.000000] log_buf_len min size: 131072 bytes
[    0.000000] log_buf_len: 1048576 bytes
[    0.000000] early log buf free: 123524(94%)
[    0.000000] PID hash table entries: 4096 (order: 3, 32768 bytes)
[    0.000000] Dentry cache hash table entries: 524288 (order: 10, 4194304 bytes)
[    0.000000] Inode-cache hash table entries: 262144 (order: 9, 2097152 bytes)
[    0.000000] software IO TLB [mem 0xfffbf000-0xfffff000] (0MB) mapped at [ffffffc53ffbf000-ffffffc53fffefff]
[    0.000000] Memory: 3570016K/3938048K available (17918K kernel code, 3496K rwdata, 8520K rodata, 12288K init, 5218K bss, 191904K reserved, 176128K cma-reserved)
[    0.000000] Virtual kernel memory layout:
[    0.000000]     modules : 0xffffff8000000000 - 0xffffff8008000000   (   128 MB)
[    0.000000]     vmalloc : 0xffffff8008000000 - 0xffffffbd3fff0000   (   244 GB)
[    0.000000]       .init : 0xffffff9a60000000 - 0xffffff9a60c00000   ( 12288 KB)
[    0.000000]       .text : 0xffffff9a5e480000 - 0xffffff9a5f600000   ( 17920 KB)
[    0.000000]     .rodata : 0xffffff9a5f600000 - 0xffffff9a60000000   ( 10240 KB)
[    0.000000]       .data : 0xffffff9a60c00000 - 0xffffff9a60f6a238   (  3497 KB)
[    0.000000]     vmemmap : 0xffffffbd40000000 - 0xffffffbfc0000000   (    10 GB maximum)
[    0.000000]               0xffffffbd57c00000 - 0xffffffbd5cb72c00   (    79 MB actual)
[    0.000000]     fixed   : 0xffffffbffe7fd000 - 0xffffffbffec00000   (  4108 KB)
[    0.000000]     PCI I/O : 0xffffffbffee00000 - 0xffffffbfffe00000   (    16 MB)
[    0.000000]     memory  : 0xffffffc4c0000000 - 0xffffffc5be3c0000   (  4067 MB)
[    0.000000] SLUB: HWalign=64, Order=0-3, MinObjects=0, CPUs=8, Nodes=1
[    0.000000] HMP scheduling enabled.
[    0.000000] Preemptible hierarchical RCU implementation.
[    0.000000] 	RCU dyntick-idle grace-period acceleration is enabled.
[    0.000000] 
[    0.000000] **********************************************************
[    0.000000] **   NOTICE NOTICE NOTICE NOTICE NOTICE NOTICE NOTICE   **
[    0.000000] **                                                      **
[    0.000000] ** trace_printk() being used. Allocating extra memory.  **
[    0.000000] **                                                      **
[    0.000000] ** This means that this is a DEBUG kernel and it is     **
[    0.000000] ** unsafe for production use.                           **
[    0.000000] **                                                      **
[    0.000000] ** If you see this message and you are not debugging    **
[    0.000000] ** the kernel, report this immediately to your vendor!  **
[    0.000000] **                                                      **
[    0.000000] **   NOTICE NOTICE NOTICE NOTICE NOTICE NOTICE NOTICE   **
[    0.000000] **********************************************************
[    0.000000] NR_IRQS:64 nr_irqs:64 0
[    0.000000] mpm_init_irq_domain(): Cannot find irq controller for qcom,gpio-parent
[    0.000000] MPM 1 irq mapping errored -517
[    0.000000] 	Offload RCU callbacks from all CPUs
[    0.000000] 	Offload RCU callbacks from CPUs: 0-7.
[    0.000000] Architected cp15 and mmio timer(s) running at 19.20MHz (virt/virt).
[    0.000000] clocksource: arch_sys_counter: mask: 0xffffffffffffff max_cycles: 0x46d987e47, max_idle_ns: 440795202767 ns
[    0.000003] sched_clock: 56 bits at 19MHz, resolution 52ns, wraps every 4398046511078ns
[    0.010764] clocksource: Switched to clocksource arch_sys_counter
[    0.054527] allocated 25165824 bytes of page_ext
[    0.058128] Node 0, zone      DMA: page owner found early allocated 512 pages
[    0.066398] Node 0, zone   Normal: page owner found early allocated 6678 pages
[    0.066978] kmemleak: Kernel memory leak detector disabled
[    0.072939] Calibrating delay loop (skipped), value calculated using timer frequency.. 38.40 BogoMIPS (lpj=192000)
[    0.085890] pid_max: default: 32768 minimum: 301
[    0.088614] Security Framework initialized
[    0.093103] SELinux:  Initializing.
[    0.097197] Mount-cache hash table entries: 8192 (order: 4, 65536 bytes)
[    0.100438] Mountpoint-cache hash table entries: 8192 (order: 4, 65536 bytes)
[    0.108320] Initializing cgroup subsys memory
[    0.114388] Initializing cgroup subsys freezer
[    0.118695] Initializing cgroup subsys debug
[    0.123074] ftrace: allocating 48588 entries in 190 pages
[    0.235383] /cpus/cpu@0: Missing clock-frequency property
[    0.235429] /cpus/cpu@1: Missing clock-frequency property
[    0.239778] /cpus/cpu@2: Missing clock-frequency property
[    0.245203] /cpus/cpu@3: Missing clock-frequency property
[    0.250546] /cpus/cpu@100: Missing clock-frequency property
[    0.255947] /cpus/cpu@101: Missing clock-frequency property
[    0.261334] /cpus/cpu@102: Missing clock-frequency property
[    0.266874] /cpus/cpu@103: Missing clock-frequency property
[    0.272425] CPU0: update cpu_capacity 1024
[    0.278022] ASID allocator initialised with 65536 entries
[    0.282340] NOHZ: local_softirq_pending 02
[    0.304685] MSM Memory Dump base table set up
[    0.304770] MSM Memory Dump apps data table set up
[    0.319599] CPU1: update cpu_capacity 1024
[    0.319673] CPU1: Booted secondary processor [51af8014]
[    0.329138] CPU2: update cpu_capacity 1024
[    0.329206] CPU2: Booted secondary processor [51af8014]
[    0.338669] CPU3: update cpu_capacity 1024
[    0.338735] CPU3: Booted secondary processor [51af8014]
[    0.348665] CPU4: update cpu_capacity 1024
[    0.348830] CPU4: Booted secondary processor [51af8002]
[    0.358595] CPU5: update cpu_capacity 1024
[    0.358658] CPU5: Booted secondary processor [51af8002]
[    0.368303] CPU6: update cpu_capacity 1024
[    0.368450] CPU6: Booted secondary processor [51af8002]
[    0.378058] CPU7: update cpu_capacity 1024
[    0.378123] CPU7: Booted secondary processor [51af8002]
[    0.378327] Brought up 8 CPUs
[    0.442179] SMP: Total of 8 processors activated.
[    0.445295] CPU features: detected feature: GIC system register CPU interface
[    0.450450] CPU: All CPU(s) started at EL1
[    0.457174] alternatives: patching kernel code
[    0.461350] CPU7: update max cpu_capacity 1024
[    0.470847] CPU0: update max cpu_capacity 1024
[    0.734882] clocksource: jiffies: mask: 0xffffffff max_cycles: 0xffffffff, max_idle_ns: 19112604462750000 ns
[    0.735116] futex hash table entries: 2048 (order: 5, 131072 bytes)
[    0.893281] pinctrl core: initialized pinctrl subsystem
[    0.896169] NET: Registered protocol family 16
[    0.901598] schedtune: init normalization constants...
[    0.901829] schedtune: disabled!
[    0.908881] cpuidle: using governor ladder
[    0.910351] cpuidle: using governor menu
[    0.914293] cpuidle: using governor qcom
[    0.920114] vdso: 2 pages (1 code @ ffffff9a5f606000, 1 data @ ffffff9a60c04000)
[    0.932930] DMA: preallocated 256 KiB pool for atomic allocations
[    0.941607] exit: IPA_USB init success!
[    0.987102] unable to find DT imem DLOAD mode node
[    0.988423] unable to find DT imem EDLOAD mode node
[    0.993504] spmi spmi-0: PMIC arbiter version v3 (0x30000000)
[    1.009829] LCDB: qpnp_lcdb_regulator_probe: Failed to parse dt rc=-517
[    1.012739] msm_watchdog 17817000.qcom,wdt: wdog absent resource not present
[    1.016213] msm_watchdog 17817000.qcom,wdt: MSM Watchdog Initialized
[    1.023372] sps:sps is ready.
[    1.032488] msm-thermal soc:qcom,msm-thermal: probe_psm:Failed reading node=/soc/qcom,msm-thermal, key=qcom,pmic-sw-mode-temp. err=-22. KTM continues
[    1.032690] msm_thermal:vdd_restriction_reg_init Defer regulator vdd-dig probe
[    1.045154] msm_thermal:probe_vdd_rstr Err regulator init. err:-517. KTM continues.
[    1.052264] msm-thermal soc:qcom,msm-thermal: probe_vdd_rstr:Failed reading node=/soc/qcom,msm-thermal, key=qcom,max-freq-level. err=-517. KTM continues
[    1.067874] gpu-sdm660 5065000.clock-controller: Registered GPU RBCPR clocks
[    1.082505] irq: no irq domain found for /soc/pinctrl@03000000 !
[    1.086803] platform soc:qcom,msm-adsprpc-mem: assigned reserved memory node adsp_region
[    1.098030] msm_rpm_dev_probe: APSS-RPM communication over GLINK
[    1.098289] msm_rpm_trans_notify_state: glink config params: transport=(null), edge=rpm, name=rpm_requests
[    1.158894] pm660l_l7: supplied by pm660_l10
[    1.174965] platform cce0000.qcom,venus: assigned reserved memory node venus_fw_region
[    1.177561] platform 15700000.qcom,lpass: assigned reserved memory node adsp_fw_region@92a00000
[    1.182595] platform 1a300000.qcom,turing: assigned reserved memory node cdsp_fw_region@94a00000
[    1.191336] platform 4080000.qcom,mss: assigned reserved memory node modem_fw_region@8ac00000
[    1.233448] msm_mpm_dev_probe(): Cannot get clk resource for XO: -517
[    1.234957] genirq: Setting trigger mode 8 for irq 92 failed (gic_set_type+0x0/0xc8)
[    1.238949] genirq: Setting trigger mode 8 for irq 93 failed (gic_set_type+0x0/0xc8)
[    1.246803] genirq: Setting trigger mode 8 for irq 94 failed (gic_set_type+0x0/0xc8)
[    1.254513] genirq: Setting trigger mode 8 for irq 95 failed (gic_set_type+0x0/0xc8)
[    1.262235] genirq: Setting trigger mode 8 for irq 96 failed (gic_set_type+0x0/0xc8)
[    1.289617] __of_mpm_init(): MPM driver mapping exists
[    1.291081] i2c-msm-v2 c176000.i2c: probing driver i2c-msm-v2
[    1.293858] i2c-msm-v2 c176000.i2c: error on clk_get(core_clk):-517
[    1.299480] i2c-msm-v2 c176000.i2c: error probe() failed with err:-517
[    1.306906] i2c-msm-v2 c178000.i2c: probing driver i2c-msm-v2
[    1.312343] i2c-msm-v2 c178000.i2c: error on clk_get(core_clk):-517
[    1.317968] i2c-msm-v2 c178000.i2c: error probe() failed with err:-517
[    1.325331] i2c-msm-v2 c1b6000.i2c: probing driver i2c-msm-v2
[    1.330826] i2c-msm-v2 c1b6000.i2c: error on clk_get(core_clk):-517
[    1.336458] i2c-msm-v2 c1b6000.i2c: error probe() failed with err:-517
[    1.379012] irq: no irq domain found for /soc/qcom,mdss_mdp@c900000 !
[    1.383847] platform 0.ramoops: assigned reserved memory node ramoops_region@88f00000
[    1.403571] console [pstore-1] enabled
[    1.403968] pstore: Registered ramoops as persistent store backend
[    1.406221] ramoops: attached 0x100000@0x88f00000, ecc: 0/0
[    1.416822] LCDB: qpnp_lcdb_regulator_probe: Failed to parse dt rc=-517
[    1.418538] msm-thermal soc:qcom,msm-thermal: probe_psm:Failed reading node=/soc/qcom,msm-thermal, key=qcom,pmic-sw-mode-temp. err=-22. KTM continues
[    1.424934] msm_thermal:vdd_restriction_reg_init Defer regulator vdd-gfx probe
[    1.438064] msm_thermal:probe_vdd_rstr Err regulator init. err:-517. KTM continues.
[    1.445157] msm-thermal soc:qcom,msm-thermal: probe_vdd_rstr:Failed reading node=/soc/qcom,msm-thermal, key=qcom,max-freq-level. err=-517. KTM continues
[    1.460648] qcom-clk-smd-rpm soc:qcom,rpmcc: Registered RPM clocks
[    1.473252] gcc-sdm660 100000.clock-controller: Registered GCC clocks
[    1.496443] mmcc-sdm660 c8c0000.clock-controller: Registered MMSS clocks
[    1.506236] cpr4_sdm660_mmss_read_fuse_data: gfx_corner: CPR fusing revision = 0
[    1.507049] cpr4_sdm660_mmss_calculate_open_loop_voltages: gfx_corner: fuse_corner[0] open-loop= 585000 uV
[    1.512842] cpr4_sdm660_mmss_calculate_open_loop_voltages: gfx_corner: fuse_corner[1] open-loop= 645000 uV
[    1.522244] cpr4_sdm660_mmss_calculate_open_loop_voltages: gfx_corner: fuse_corner[2] open-loop= 725000 uV
[    1.531891] cpr4_sdm660_mmss_calculate_open_loop_voltages: gfx_corner: fuse_corner[3] open-loop= 790000 uV
[    1.541517] cpr4_sdm660_mmss_calculate_open_loop_voltages: gfx_corner: fuse_corner[4] open-loop= 870000 uV
[    1.551141] cpr4_sdm660_mmss_calculate_open_loop_voltages: gfx_corner: fuse_corner[5] open-loop= 925000 uV
[    1.561312] cpr3_regulator_init_ctrl: gfx: Default CPR mode = open-loop
[    1.575364] cprh_kbss_read_fuse_data: apc0_pwrcl_corner: speed bin = 1
[    1.577049] cprh_sdm660_kbss_read_fuse_data: apc0_pwrcl_corner: CPR fusing revision = 2
[    1.583790] cprh_kbss_calculate_open_loop_voltages: apc0_pwrcl_corner: fused   LowSVS: open-loop= 614000 uV
[    1.591428] cprh_kbss_calculate_open_loop_voltages: apc0_pwrcl_corner: fused      SVS: open-loop= 644000 uV
[    1.601141] cprh_kbss_calculate_open_loop_voltages: apc0_pwrcl_corner: fused  SVSPLUS: open-loop= 688000 uV
[    1.610860] cprh_kbss_calculate_open_loop_voltages: apc0_pwrcl_corner: fused      NOM: open-loop= 778000 uV
[    1.620548] cprh_kbss_calculate_open_loop_voltages: apc0_pwrcl_corner: fused TURBO_L1: open-loop= 918000 uV
[    1.630444] cprh_kbss_calculate_target_quotients: apc0_pwrcl_corner: fused   LowSVS: quot[ 7]= 344
[    1.640045] cprh_kbss_calculate_target_quotients: apc0_pwrcl_corner: fused      SVS: quot[ 7]= 397, quot_offset[ 7]=  50
[    1.649064] cprh_kbss_calculate_target_quotients: apc0_pwrcl_corner: fused  SVSPLUS: quot[ 7]= 470, quot_offset[ 7]=  70
[    1.660083] cprh_kbss_calculate_target_quotients: apc0_pwrcl_corner: fused      NOM: quot[ 7]= 632, quot_offset[ 7]= 160
[    1.670936] cprh_kbss_calculate_target_quotients: apc0_pwrcl_corner: fused TURBO_L1: quot[ 7]= 853, quot_offset[ 7]= 220
[    1.686893] cpr3_regulator_init_ctrl: apc0: Default CPR mode = full HW closed-loop
[    1.696868] cprh_kbss_read_fuse_data: apc1_perfcl_corner: speed bin = 1
[    1.700054] cprh_sdm660_kbss_read_fuse_data: apc1_perfcl_corner: CPR fusing revision = 2
[    1.706767] cprh_kbss_calculate_open_loop_voltages: apc1_perfcl_corner: fused      SVS: open-loop= 684000 uV
[    1.714863] cprh_kbss_calculate_open_loop_voltages: apc1_perfcl_corner: fused  SVSPLUS: open-loop= 718000 uV
[    1.724665] cprh_kbss_calculate_open_loop_voltages: apc1_perfcl_corner: fused      NOM: open-loop= 778000 uV
[    1.734473] cprh_kbss_calculate_open_loop_voltages: apc1_perfcl_corner: fused    TURBO: open-loop= 888000 uV
[    1.744278] cprh_kbss_calculate_open_loop_voltages: apc1_perfcl_corner: fused TURBO_L2: open-loop= 928000 uV
[    1.754217] cprh_kbss_calculate_target_quotients: apc1_perfcl_corner: fused      SVS: quot[ 7]= 548
[    1.763908] cprh_kbss_calculate_target_quotients: apc1_perfcl_corner: fused  SVSPLUS: quot[ 7]= 614, quot_offset[ 7]=  65
[    1.772671] cprh_kbss_calculate_target_quotients: apc1_perfcl_corner: fused      NOM: quot[ 7]= 744, quot_offset[ 7]= 130
[    1.783782] cprh_kbss_calculate_target_quotients: apc1_perfcl_corner: fused    TURBO: quot[ 7]= 952, quot_offset[ 7]= 205
[    1.794718] cprh_kbss_calculate_target_quotients: apc1_perfcl_corner: fused TURBO_L2: quot[ 7]=1030, quot_offset[ 7]=  75
[    1.810279] cpr3_regulator_init_ctrl: apc1: Default CPR mode = full HW closed-loop
[    1.822464] i2c-msm-v2 c176000.i2c: probing driver i2c-msm-v2
[    1.824560] AXI: msm_bus_scale_register_client(): msm_bus_scale_register_client: Bus driver not ready.
[    1.829843] i2c-msm-v2 c176000.i2c: msm_bus_scale_register_client(mstr-id:86):0 (not a problem)
[    1.840959] AXI: msm_bus_scale_register_client(): msm_bus_scale_register_client: Bus driver not ready.
[    1.849489] i2c-msm-v2 c178000.i2c: probing driver i2c-msm-v2
[    1.857543] AXI: msm_bus_scale_register_client(): msm_bus_scale_register_client: Bus driver not ready.
[    1.862883] i2c-msm-v2 c178000.i2c: msm_bus_scale_register_client(mstr-id:86):0 (not a problem)
[    1.873940] AXI: msm_bus_scale_register_client(): msm_bus_scale_register_client: Bus driver not ready.
[    1.883011] i2c-msm-v2 c1b6000.i2c: probing driver i2c-msm-v2
[    1.890511] AXI: msm_bus_scale_register_client(): msm_bus_scale_register_client: Bus driver not ready.
[    1.895905] i2c-msm-v2 c1b6000.i2c: msm_bus_scale_register_client(mstr-id:84):0 (not a problem)
[    1.906891] AXI: msm_bus_scale_register_client(): msm_bus_scale_register_client: Bus driver not ready.
[    1.914508] LCDB: qpnp_lcdb_regulator_probe: Failed to parse dt rc=-517
[    1.924376] msm-thermal soc:qcom,msm-thermal: probe_psm:Failed reading node=/soc/qcom,msm-thermal, key=qcom,pmic-sw-mode-temp. err=-22. KTM continues
[    1.930630] msm-thermal soc:qcom,msm-thermal: probe_ocr:Failed reading node=/soc/qcom,msm-thermal, key=qcom,pmic-opt-curr-temp err:-22. KTM continues
[    1.943126] msm-thermal soc:qcom,msm-thermal: probe_vdd_mx:Failed reading node=/soc/qcom,msm-thermal, key=qcom,mx-restriction-temp. KTM continues
[    1.956487] msm-thermal soc:qcom,msm-thermal: probe_freq_mitigation:Failed reading node=/soc/qcom,msm-thermal, key=qcom,limit-temp. err=-22. KTM continues
[    1.969486] msm-thermal soc:qcom,msm-thermal: msm_thermal:Failed reading node=/soc/qcom,msm-thermal, key=qcom,rpm-phase-resource-type err=-22. KTM continues
[    1.983201] msm-thermal soc:qcom,msm-thermal: msm_thermal:Failed reading node=/soc/qcom,msm-thermal, key=qcom,gfx-sensor-id. err=-22. KTM continues
[    2.000160] cpu cpu0: dev_pm_opp_get_opp_count: OPP table not found (-19)
[    2.010282] msm_thermal:get_cpu_freq_plan_len Error reading CPU0 freq table len. error:-19
[    2.014604] gpucc-sdm660 5065000.gfx: Registered GPUCC clocks
[    2.018779] clk-cpu-osm 179c0000.qcom,clk-cpu-660: using pwrcl speed bin 1 and pvs_ver 0
[    2.018854] clk-cpu-osm 179c0000.qcom,clk-cpu-660: using perfcl speed bin 1 and pvs_ver 0
[    2.022250] add_opp: Set OPP pair (300000000 Hz, 612000 uv) on cpu0
[    2.022952] add_opp: Set OPP pair (1843200000 Hz, 912000 uv) on cpu0
[    2.023061] add_opp: Set OPP pair (300000000 Hz, 612000 uv) on cpu1
[    2.023736] add_opp: Set OPP pair (1843200000 Hz, 912000 uv) on cpu1
[    2.023870] add_opp: Set OPP pair (300000000 Hz, 612000 uv) on cpu2
[    2.024543] add_opp: Set OPP pair (1843200000 Hz, 912000 uv) on cpu2
[    2.024663] add_opp: Set OPP pair (300000000 Hz, 612000 uv) on cpu3
[    2.025338] add_opp: Set OPP pair (1843200000 Hz, 912000 uv) on cpu3
[    2.025451] add_opp: Set OPP pair (300000000 Hz, 700000 uv) on cpu4
[    2.026036] add_opp: Set OPP pair (2208000000 Hz, 948000 uv) on cpu4
[    2.026164] add_opp: Set OPP pair (300000000 Hz, 700000 uv) on cpu5
[    2.026724] add_opp: Set OPP pair (2208000000 Hz, 948000 uv) on cpu5
[    2.026852] add_opp: Set OPP pair (300000000 Hz, 700000 uv) on cpu6
[    2.027427] add_opp: Set OPP pair (2208000000 Hz, 948000 uv) on cpu6
[    2.027543] add_opp: Set OPP pair (300000000 Hz, 700000 uv) on cpu7
[    2.028135] add_opp: Set OPP pair (2208000000 Hz, 948000 uv) on cpu7
[    2.028904] clk_cpu_osm_driver_probe: OSM driver inited
[    2.028994] LCDB: qpnp_lcdb_regulator_probe: Failed to parse dt rc=-517
[    2.157827] ACPI: Interpreter disabled.
[    2.165726] KPI: Bootloader start count = 59124
[    2.165750] KPI: Bootloader end count = 93855
[    2.169053] KPI: Bootloader display count = 2010205124
[    2.173604] KPI: Bootloader load kernel count = 5175
[    2.178606] KPI: Kernel MPM timestamp = 237941
[    2.183737] KPI: Kernel MPM Clock frequency = 32768
[    2.187995] socinfo_print: v0.11, id=317, ver=1.0, raw_id=140, raw_ver=0, hw_plat=11, hw_plat_ver=65536
[    2.187995]  accessory_chip=0, hw_plat_subtype=0, pmic_model=65563, pmic_die_revision=131072 foundry_id=3 serial_number=3943533681 num_pmics=2
[    2.192818] msm_bus_fabric_init_driver
[    2.235955] msm_bus_dev_init_qos: Skipping QOS init for 1
[    2.236031] msm_bus_dev_init_qos: Skipping QOS init for 727msm_bus_dev_init_qos: Skipping QOS init for 728
[    2.247374] vgaarb: loaded
[    2.250138] qcom,qpnp-misc 800f000.qcom,spmi:qcom,pm660@0:qcom,misc@900: probe successful
[    2.253837] SCSI subsystem initialized
[    2.261565] usbcore: registered new interface driver usbfs
[    2.264508] usbcore: registered new interface driver hub
[    2.270125] usbcore: registered new device driver usb
[    2.275922] soc:usb_nop_phy supply vcc not found, using dummy regulator
[    2.280844] qcom,qpnp-power-on 800f000.qcom,spmi:qcom,pm660@0:qcom,power-on@800: PMIC@SID0 Power-on reason: Triggered from Hard Reset and 'cold' boot
[    2.286808] qcom,qpnp-power-on 800f000.qcom,spmi:qcom,pm660@0:qcom,power-on@800: PMIC@SID0: Power-off reason: Triggered from PS_HOLD (PS_HOLD/MSM controlled shutdown)
[    2.300592] input: qpnp_pon as /devices/virtual/input/input0
[    2.315465] qcom,qpnp-power-on 800f000.qcom,spmi:qcom,pm660l@2:qcom,power-on@800: No PON config. specified
[    2.320948] qcom,qpnp-power-on 800f000.qcom,spmi:qcom,pm660l@2:qcom,power-on@800: PMIC@SID2 Power-on reason: Triggered from PON1 (secondary PMIC) and 'cold' boot
[    2.330386] qcom,qpnp-power-on 800f000.qcom,spmi:qcom,pm660l@2:qcom,power-on@800: PMIC@SID2: Power-off reason: Triggered from GP1 (Keypad_Reset1)
[    2.345347] media: Linux media interface: v0.10
[    2.357914] Linux video capture interface: v2.00
[    2.362713] EDAC MC: Ver: 3.0.0
[    2.368560] cpufreq: driver msm up and running
[    2.370734] platform soc:qcom,ion:qcom,ion-heap@22: assigned reserved memory node adsp_region
[    2.374741] platform soc:qcom,ion:qcom,ion-heap@27: assigned reserved memory node qseecom_region
[    2.383271] platform soc:qcom,ion:qcom,ion-heap@10: assigned reserved memory node secure_region
[    2.392317] ION heap system created
[    2.400429] ION heap adsp created at 0x00000000ff400000 with size 800000
[    2.403806] ION heap qsecom created at 0x00000000f5800000 with size 1400000
[    2.410738] ION heap secure_display created at 0x00000000f6c00000 with size 5c00000
[    2.417438] ION heap secure_heap created
[    2.425549] PMIC@SID0: PM660 v2.0 options: 0, 0, 0, 0
[    2.429315] PMIC@SID2: PM660L v2.0.1 options: 0, 0, 0, 0
[    2.434864] IPA smmu_info.s1_bypass=1 smmu_info.fast_map=0
[    2.445339] gdsc_vfe0: supplied by gdsc_camss_top
[    2.445773] gdsc_vfe1: supplied by gdsc_camss_top
[    2.450007] gdsc_cpp: supplied by gdsc_camss_top
[    2.455794] gdsc_gpu_gx: supplied by gfx_corner
[    2.460348] mdss_pll_probe: MDSS pll label = MDSS DSI 0 PLL
[    2.463271] mdss_pll_probe: mdss_pll_probe: label=MDSS DSI 0 PLL PLL SSC enabled
[    2.469195] mdss_pll c994400.qcom,mdss_dsi_pll: Failed to create debugfs directory
[    2.476465] mdss_pll c994400.qcom,mdss_dsi_pll: Failed to create debugfs directory
[    2.483845] mdss_pll c994400.qcom,mdss_dsi_pll: Failed to create debugfs directory
[    2.491846] dsi_pll_clock_register_14nm: Registered DSI PLL ndx=0 clocks successfully
[    2.498959] mdss_pll_probe: MDSS pll label = MDSS DSI 1 PLL
[    2.506832] mdss_pll_probe: mdss_pll_probe: label=MDSS DSI 1 PLL PLL SSC enabled
[    2.512403] mdss_pll c996400.qcom,mdss_dsi_pll: Failed to create debugfs directory
[    2.519851] mdss_pll c996400.qcom,mdss_dsi_pll: Failed to create debugfs directory
[    2.527240] mdss_pll c996400.qcom,mdss_dsi_pll: Failed to create debugfs directory
[    2.535161] dsi_pll_clock_register_14nm: Registered DSI PLL ndx=1 clocks successfully
[    2.542371] mdss_pll_probe: MDSS pll label = MDSS DP PLL
[    3.041313] io-pgtable-fast: selftest: completed with 0 failures
[    3.052123] arm-smmu 16c0000.arm,smmu-anoc2: found 29 context interrupt(s) but have 21 context banks. assuming 21 context interrupts.
[    3.053255] arm-smmu 5100000.arm,smmu-lpass_q6: found 17 context interrupt(s) but have 14 context banks. assuming 14 context interrupts.
[    3.064610] arm-smmu cd00000.arm,smmu-mmss: found 24 context interrupt(s) but have 17 context banks. assuming 17 context interrupts.
[    3.075813] arm-smmu 5040000.arm,smmu-kgsl: regulator defer delay 80
[    3.087643] arm-smmu 5040000.arm,smmu-kgsl: found 8 context interrupt(s) but have 5 context banks. assuming 5 context interrupts.
[    3.094618] arm-smmu 5180000.arm,smmu-turing_q6: found 17 context interrupt(s) but have 13 context banks. assuming 13 context interrupts.
[    3.112015] iommu: Adding device 18800000.qcom,icnss to group 0
[    3.118996] iommu: Adding device soc:iommu_test_device to group 1
[    3.123379] iommu: Adding device soc:usb_audio_qmi_dev to group 2
[    3.130710] iommu: Adding device soc:qcom,msm-audio-ion to group 3
[    3.136430] iommu: Adding device 14780000.qcom,ipa:ipa_smmu_ap to group 4
[    3.141695] iommu: Adding device 14780000.qcom,ipa:ipa_smmu_uc to group 5
[    3.149509] Advanced Linux Sound Architecture Driver Initialized.
[    3.156078] Bluetooth: ffffffc5b62dbcf8
[    3.161525] NET: Registered protocol family 31
[    3.165171] Bluetooth: ffffffc5b62dbcf8
[    3.169517] Bluetooth: ffffffc5b62dbcc8Bluetooth: ffffffc5b62dbca8
[    3.177087] Bluetooth: ffffffc5b62dbcb8[    3.179873] cfg80211: World regulatory domain updated:
[    3.183243] cfg80211:  DFS Master region: unset
[    3.188263] cfg80211:   (start_freq - end_freq @ bandwidth), (max_antenna_gain, max_eirp), (dfs_cac_time)
[    3.192877] cfg80211:   (2402000 KHz - 2472000 KHz @ 40000 KHz), (N/A, 2000 mBm), (N/A)
[    3.202429] cfg80211:   (2457000 KHz - 2482000 KHz @ 40000 KHz), (N/A, 2000 mBm), (N/A)
[    3.210234] cfg80211:   (2474000 KHz - 2494000 KHz @ 20000 KHz), (N/A, 2000 mBm), (N/A)
[    3.218227] cfg80211:   (5170000 KHz - 5250000 KHz @ 80000 KHz), (N/A, 2000 mBm), (N/A)
[    3.226212] cfg80211:   (5250000 KHz - 5330000 KHz @ 80000 KHz), (N/A, 2000 mBm), (N/A)
[    3.234198] cfg80211:   (5490000 KHz - 5710000 KHz @ 80000 KHz), (N/A, 2000 mBm), (N/A)
[    3.242185] cfg80211:   (5735000 KHz - 5835000 KHz @ 80000 KHz), (N/A, 2000 mBm), (N/A)
[    3.250164] cfg80211:   (57240000 KHz - 63720000 KHz @ 2160000 KHz), (N/A, 0 mBm), (N/A)
[    3.258190] NetLabel: Initializing
[    3.266487] NetLabel:  domain hash size = 128
[    3.269685] NetLabel:  protocols = UNLABELED CIPSOv4
[    3.274199] NetLabel:  unlabeled traffic allowed by default
[    3.279239] pcie:pcie_init.
[    3.287942] LCDB: qpnp_lcdb_regulator_probe: LCDB module successfully registered! lcdb_en=0 ldo_voltage=5400mV ncp_voltage=5400mV bst_voltage=5500mV
[    3.291267] ipa ipa2_uc_state_check:296 uC interface not initialized
[    3.300795] ipa ipa_sps_irq_control_all:963 EP (2) not allocated.
[    3.307104] ipa ipa_sps_irq_control_all:963 EP (5) not allocated.
[    3.315506] sps:BAM 0x0000000014784000 is registered.
[    3.320577] sps:BAM 0x0000000014784000 (va:0xffffff800b1c0000) enabled: ver:0x27, number of pipes:20
[    3.337753] IPA driver initialization was successful.
[    3.339218] clocksource: Switched to clocksource arch_sys_counter
[    3.401148] pnp: PnP ACPI: disabled
[    3.407326] gcc-debug-sdm660 62000.qcom,cc-debug: Registered debug mux successfully
[    3.408308] NET: Registered protocol family 2
[    3.414967] TCP established hash table entries: 32768 (order: 6, 262144 bytes)
[    3.419158] TCP bind hash table entries: 32768 (order: 8, 1048576 bytes)
[    3.426034] TCP: Hash tables configured (established 32768 bind 32768)
[    3.433113] UDP hash table entries: 2048 (order: 5, 196608 bytes)
[    3.438969] UDP-Lite hash table entries: 2048 (order: 5, 196608 bytes)
[    3.445706] NET: Registered protocol family 1
[    3.452661] cryptomgr_test (137) used greatest stack depth: 14504 bytes left
[    3.462221] audit: initializing netlink subsys (disabled)
[    3.462877] audit: type=2000 audit(3.449:1): initialized
[    3.473728] Initialise system trusted keyring
[    3.474026] vmscan: error setting kswapd cpu affinity mask
[    3.486480] VFS: Disk quotas dquot_6.6.0
[    3.486691] VFS: Dquot-cache hash table entries: 512 (order 0, 4096 bytes)
[    3.492064] Registering sdcardfs 0.1
[    3.496498] fuse init (API version 7.23)
[    3.500838] pfk_ecryptfs [pfk_ecryptfs_init]: PFK ecryptfs inited successfully
[    3.503798] pfk_ext4 [pfk_ext4_init]: PFK EXT4 inited successfully
[    3.510854] pfk [pfk_init]: Driver initialized successfully
[    3.517277] cryptomgr_test (167) used greatest stack depth: 14440 bytes left
[    3.527393] Key type asymmetric registered
[    3.529752] Asymmetric key parser 'x509' registered
[    3.533956] Block layer SCSI generic (bsg) driver version 0.4 loaded (major 245)
[    3.538440] io scheduler noop registered
[    3.546094] io scheduler deadline registered
[    3.549995] io scheduler cfq registered (default)
[    3.564426] msm_dss_get_res_byname: 'vbif_nrt_phys' resource not found
[    3.564485] mdss_mdp_probe+0x2d4/0x17dc->msm_dss_ioremap_byname: 'vbif_nrt_phys' msm_dss_get_res_byname failed
[    3.570504] mdss_mdp_irq_clk_setup: unable to get core gdsc regulator
[    3.581388] No change in context(0==0), skip
[    3.587255] mdss_mdp_pipe_addr_setup: type:0 ftchid:-1 xinid:0 num:0 rect:0 ndx:0x1 prio:0
[    3.590696] mdss_mdp_pipe_addr_setup: type:0 ftchid:-1 xinid:4 num:1 rect:0 ndx:0x2 prio:1
[    3.598840] mdss_mdp_pipe_addr_setup: type:2 ftchid:-1 xinid:1 num:6 rect:0 ndx:0x40 prio:2
[    3.607028] mdss_mdp_pipe_addr_setup: type:2 ftchid:-1 xinid:1 num:6 rect:1 ndx:0x40 prio:2
[    3.615270] mdss_mdp_pipe_addr_setup: type:2 ftchid:-1 xinid:5 num:7 rect:0 ndx:0x80 prio:3
[    3.623603] mdss_mdp_pipe_addr_setup: type:2 ftchid:-1 xinid:5 num:7 rect:1 ndx:0x80 prio:3
[    3.631936] mdss_mdp_pipe_addr_setup: type:2 ftchid:-1 xinid:9 num:12 rect:0 ndx:0x1000 prio:4
[    3.640264] mdss_mdp_pipe_addr_setup: type:2 ftchid:-1 xinid:9 num:12 rect:1 ndx:0x1000 prio:4
[    3.648959] mdss_mdp_pipe_addr_setup: type:3 ftchid:-1 xinid:2 num:10 rect:0 ndx:0x400 prio:0
[    3.657548] mdss_mdp_parse_dt_handler: Error from prop qcom,mdss-pipe-sw-reset-off : u32 array read
[    3.666215] mdss_mdp_parse_dt_handler: Error from prop qcom,mdss-ib-factor-overlap : u32 array read
[    3.674996] mdss_mdp_parse_dt_handler: Error from prop qcom,mdss-bus-througput-factor : u32 array read
[    3.684703] xlog_status: enable:1, panic:1, dump:2
[    3.694010] iommu: Adding device c900000.qcom,mdss_mdp:qcom,smmu_mdp_unsec_cb to group 6
[    3.698557] iommu: Adding device c900000.qcom,mdss_mdp:qcom,smmu_mdp_sec_cb to group 7
[    3.706668] mdss_mdp_probe: mdss version = 0x30020000, bootloader display is on, num 1, intf_sel=0x00000100
[    3.716518] mdss_smmu_probe: iommu v2 domain[0] mapping and clk register successful!
[    3.724198] mdss_smmu_probe: iommu v2 domain[2] mapping and clk register successful!
[    3.735624] mdss_dsi_ctrl_probe: DSI Ctrl name = MDSS DSI CTRL->0
[    3.739878] mdss_dsi_find_panel_of_node: cmdline:0:qcom,mdss_dsi_hx8363b_video:config0:1:none:cfg:single_dsi panel_name:qcom,mdss_dsi_hx8363b_video
[    3.745605] mdss_dsi_panel_init: Panel Name = hx8363b video mode dsi panel
[    3.758556] mdss_dsi_parse_split_link_settings: enable 0 sublinks-count 0 lanes per sublink 0
[    3.765469] mdss_dsi_panel_timing_from_dt: found new timing "qcom,mdss_dsi_hx8363b_video" (ffffffc5b62db1d8)
[    3.774052] mdss_dsi_parse_dcs_cmds: failed, key=qcom,mdss-dsi-post-panel-on-command
[    3.783940] mdss_dsi_parse_dcs_cmds: failed, key=qcom,mdss-dsi-timing-switch-command
[    3.791657] mdss_dsi_panel_get_dsc_cfg_np: cannot find dsc config node:config0
[    3.799443] mdss_dsi_parse_panel_features: ulps feature disabled
[    3.806409] mdss_dsi_parse_panel_features: ulps during suspend feature disabled
[    3.812577] mdss_dsi_parse_dms_config: dynamic switch feature enabled: 0
[    3.819779] mdss_dsi_parse_dcs_cmds: failed, key=qcom,mdss-dsi-lp-mode-on
[    3.826551] mdss_dsi_parse_dcs_cmds: failed, key=qcom,mdss-dsi-lp-mode-off
[    3.833242] mdss_dsi_set_refresh_rate_range:2295, Unable to read min refresh rate
[    3.840000] mdss_dsi_set_refresh_rate_range:2310, Unable to read max refresh rate
[    3.847558] dyn_fps: min = 60, max = 60
[    3.855502] mdss_dsi_parse_ctrl_params:4501 Unable to read qcom,display-id, data=0000000000000000,len=20
[    3.858670] mdss_dsi_parse_gpio_params:4535, TE gpio not specified
[    3.868393] mdss_dsi_parse_gpio_params: bklt_en gpio not specified
[    3.874379] mdss_dsi_parse_gpio_params: avdd_en gpio not specified
[    3.880639] msm_dss_get_res_byname: 'dsi_phy_regulator' resource not found
[    3.886726] mdss_dsi_retrieve_ctrl_resources+0x178/0x25c->msm_dss_ioremap_byname: 'dsi_phy_regulator' msm_dss_get_res_byname failed
[    3.893581] mdss_dsi_retrieve_ctrl_resources: ctrl_base=ffffff800b0b8000 ctrl_size=400 phy_base=ffffff800b0ba400 phy_size=588
[    3.905476] dsi_panel_device_register: Continuous splash enabled
[    3.916925] Unable to find fb node for device: c994000.qcom,mdss_dsi_ctrl0
[    3.923188] mdss_register_panel: adding framebuffer device c994000.qcom,mdss_dsi_ctrl0
[    3.958461] mdss_dsi_ctrl_probe: Dsi Ctrl->0 initialized, DSI rev:0x20010000, PHY rev:0x2
[    3.958689] mdss_dsi_status_init: DSI status check interval:5000
[    3.968238] mdss_register_panel: adding framebuffer device soc:qcom,mdss_wb_panel
[    3.972757] mdss_fb_probe: fb0: split_mode:0 left:0 right:0
[    3.980081] mdss_fb_register: FrameBuffer[0] 480x800 registered successfully!
[    3.985550] mdss_fb_probe: fb1: split_mode:0 left:0 right:0
[    3.991944] mdss_fb_register: FrameBuffer[1] 640x480 registered successfully!
[    3.997420] mdss_mdp_splash_parse_dt: splash mem child node is not present
[    4.012850] spcom [spcom_init]: spcom driver version 1.1 17-July-2017.
[    4.013700] audio_notifer_reg_service: service SSR_MODEM is in use
[    4.031465] memshare_child soc:qcom,memshare:qcom,client_1: for memshare_GPS segments only will be dumped.
[    4.032239] memshare_child soc:qcom,memshare:qcom,client_2: for memshare_FTM segments only will be dumped.
[    4.040332] memshare_child soc:qcom,memshare:qcom,client_3: for memshare_DIAG segments only will be dumped.
[    4.049820] In memshare_probe, Memshare probe success
[    4.061601] subsys-pil-tz cce0000.qcom,venus: for venus segments only will be dumped.
[    4.065596] subsys-pil-tz soc:qcom,kgsl-hyp: for a512_zap segments only will be dumped.
[    4.074689] pil-q6v5-mss 4080000.qcom,mss: No pas_id found.
[    4.082587] msm-dcc 10b3000.dcc: DCC XPU is not specified
[    4.088482] icnss 18800000.qcom,icnss: for wcss_msa0 segments only will be dumped.
[    4.091558] icnss: Platform driver probed successfully
[    4.104682] msm_rpm_log_probe: OK
[    4.106081] uevent_init(): <Major, Minor>: <240, 0>
[    4.107868] ap_ipc_ready_gpio is 113
[    4.111968] [ipc_interrupt] ipc_init: ipc interrupts initializing
[    4.116804] [ipc_interrupt] ipc_probe: ipc_gpio_bp_boot already in use or not specified
[    4.122078] [ipc_interrupt] uevent_init(): <Major, Minor>: <238, 0>
[    4.130060] msm_serial c170000.serial: msm_serial: detected port #0
[    4.135850] msm_serial c170000.serial: uartclk = 1843200
[    4.142148] c170000.serial: ttyMSM0 at MMIO 0xc170000 (irq = 23, base_baud = 115200) [    4.156224] console [ttyMSM0] enabled
[    4.156224] console [ttyMSM0] enabled
[    4.158902] bootconsole [uart0] disabled
[    4.158902] bootconsole [uart0] disabled
[    4.167373] msm_serial: driver initialized
[    4.171700] uart_tx_gpio is not available
[    4.174309] uart_rx_gpio is not available
[    4.178385] uart_cts_gpio is not available
[    4.182394] uart_rfr_gpio is not available
[    4.187206] sps: BAM device 0x000000000c184000 is not registered yet.
[    4.190825] sps:BAM 0x000000000c184000 is registered.
[    4.198845] c1af000.uart: ttyHS0 at MMIO 0xc1af000 (irq = 307, base_baud = 460800) is a MSM HS UART
[    4.203832] uart_tx_gpio is not available
[    4.210879] uart_rx_gpio is not available
[    4.215019] uart_cts_gpio is not available
[    4.219010] uart_rfr_gpio is not available
[    4.225551] c1b0000.uart: ttyHS1 at MMIO 0xc1b0000 (irq = 308, base_baud = 460800) is a MSM HS UART
[    4.227653] msm_serial_hs module loaded
[    4.238714] random: nonblocking pool is initialized
[    4.260419] iommu: Adding device 5040000.qcom,kgsl-iommu:gfx3d_user to group 8
[    4.261028] iommu: Adding device 5040000.qcom,kgsl-iommu:gfx3d_secure to group 9
[    4.284597] brd: module loaded
[    4.291339] loop: module loaded
[    4.292111] zram: Added device: zram0
[    4.294256] QSEECOM: qseecom_probe: qseecom.qsee_version = 0x1001000
[    4.297162] QSEECOM: qseecom_retrieve_ce_data: Device does not support PFE
[    4.303591] QSEECOM: qseecom_probe: no-clock-support=0x1[    4.310314] QSEECOM: qseecom_probe: qseecom.qsee_reentrancy_support = 2
[    4.315693] QSEECOM: qseecom_probe: qseecom.whitelist_support = 1
[    4.325944] current_limiter: current_limiter_probe
[    4.328493] current_limiter: [current_limiter] irq = 217, gpio = 27, value = 0
[    4.332838] current_limiter: gpio trigger = 0
[    4.345529] qce 1de0000.qcedev: Qualcomm Crypto 5.3.4 device found @0x1de0000
[    4.345594] qce 1de0000.qcedev: CE device = 0x0
[    4.345594] IO base, CE = 0xffffff800b9c0000
[    4.345594] Consumer (IN) PIPE 2,    Producer (OUT) PIPE 3
[    4.345594] IO base BAM = 0x0000000000000000
[    4.345594] BAM IRQ 83
[    4.345594] Engines Availability = 0x2011053
[    4.355226] sps:BAM 0x0000000001dc4000 is registered.
[    4.377556] sps:BAM 0x0000000001dc4000 (va:0xffffff800bb80000) enabled: ver:0x27, number of pipes:16
[    4.382293] QCE50: qce_sps_init:  Qualcomm MSM CE-BAM at 0x0000000001dc4000 irq 83
[    4.395316] LCDB: qpnp_lcdb_handle_sc_event: SC trigged 11 times, disabling LCDB forever!
[    4.399626] qcrypto 1de0000.qcrypto: Qualcomm Crypto 5.3.4 device found @0x1de0000
[    4.406664] qcrypto 1de0000.qcrypto: CE device = 0x0
[    4.406664] IO base, CE = 0xffffff800bbc0000
[    4.406664] Consumer (IN) PIPE 4,    Producer (OUT) PIPE 5
[    4.406664] IO base BAM = 0x0000000000000000
[    4.406664] BAM IRQ 83
[    4.406664] Engines Availability = 0x2011053
[    4.418265] QCE50: qce_sps_init:  Qualcomm MSM CE-BAM at 0x0000000001dc4000 irq 83
[    4.445820] qcrypto 1de0000.qcrypto: qcrypto-ecb-aes
[    4.447333] qcrypto 1de0000.qcrypto: qcrypto-cbc-aes
[    4.452456] qcrypto 1de0000.qcrypto: qcrypto-ctr-aes
[    4.457387] qcrypto 1de0000.qcrypto: qcrypto-ecb-des
[    4.462345] qcrypto 1de0000.qcrypto: qcrypto-cbc-des
[    4.467308] qcrypto 1de0000.qcrypto: qcrypto-ecb-3des
[    4.472251] qcrypto 1de0000.qcrypto: qcrypto-cbc-3des
[    4.477159] qcrypto 1de0000.qcrypto: qcrypto-xts-aes
[    4.482222] qcrypto 1de0000.qcrypto: qcrypto-sha1
[    4.487240] qcrypto 1de0000.qcrypto: qcrypto-sha256
[    4.491852] qcrypto 1de0000.qcrypto: qcrypto-aead-hmac-sha1-cbc-aes
[    4.496525] qcrypto 1de0000.qcrypto: qcrypto-aead-hmac-sha1-cbc-des
[    4.502805] qcrypto 1de0000.qcrypto: qcrypto-aead-hmac-sha1-cbc-3des
[    4.509025] qcrypto 1de0000.qcrypto: qcrypto-aead-hmac-sha256-cbc-aes
[    4.515640] qcrypto 1de0000.qcrypto: qcrypto-aead-hmac-sha256-cbc-des
[    4.521979] qcrypto 1de0000.qcrypto: qcrypto-aead-hmac-sha256-cbc-3des
[    4.528381] qcrypto 1de0000.qcrypto: qcrypto-hmac-sha1
[    4.534819] qcrypto 1de0000.qcrypto: qcrypto-hmac-sha256
[    4.539926] qcrypto 1de0000.qcrypto: qcrypto-aes-ccm
[    4.545408] qcrypto 1de0000.qcrypto: qcrypto-rfc4309-aes-ccm
[    4.552749] qcom_ice_get_device_tree_data: No vdd-hba-supply regulator, assuming not needed
[    4.557021] SCSI Media Changer driver v0.25 
[    4.565178] Ethernet Channel Bonding Driver: v3.7.1 (April 27, 2011)
[    4.570549] tun: Universal TUN/TAP device driver, 1.6
[    4.574768] tun: (C) 1999-2004 Max Krasnyansky <maxk@qualcomm.com>
[    4.579794] sky2: driver version 1.30
[    4.586523] PPP generic driver version 2.4.2
[    4.589627] PPP BSD Compression module registered
[    4.593864] PPP Deflate Compression module registered
[    4.598464] PPP MPPE Compression module registered
[    4.603505] NET: Registered protocol family 24
[    4.609141] CLD80211: Initializing
[    4.612867] usbcore: registered new interface driver asix
[    4.616058] usbcore: registered new interface driver ax88179_178a
[    4.621515] usbcore: registered new interface driver cdc_ether
[    4.627561] usbcore: registered new interface driver net1080
[    4.633314] usbcore: registered new interface driver cdc_subset
[    4.639102] usbcore: registered new interface driver zaurus
[    4.644816] usbcore: registered new interface driver cdc_ncm
[    4.651206] msm_sharedmem: sharedmem_register_qmi: qmi init successful
[    4.653245] msm_sharedmem: msm_sharedmem_probe: Device created for client 'rmtfs'
[    4.661043] msm-dwc3 a800000.ssusb: unable to get dbm device
[    4.663547] ehci_hcd: USB 2.0 'Enhanced' Host Controller (EHCI) Driver
[    4.663586] ehci-pci: EHCI PCI platform driver
[    4.663626] ehci-platform: EHCI generic platform driver
[    4.664255] ohci_hcd: USB 1.1 'Open' Host Controller (OHCI) Driver
[    4.664273] ohci-pci: OHCI PCI platform driver
[    4.664324] ohci-platform: OHCI generic platform driver
[    4.665555] usbcore: registered new interface driver usb-storage
[    4.665593] usbcore: registered new interface driver usb_ehset_test
[    4.667541] mousedev: PS/2 mouse device common for all mice
[    4.668185] dt401: registered major number 229
[    4.669745] input: dT401 Touchscreen as /devices/soc/c178000.i2c/i2c-4/4-004a/input/input1
[    4.721111] stmvl53l0_init: Enter
[    4.721115] stmvl53l0_init_cci: Enter
[    4.721921] stmvl53l0_init_cci: End
[    4.721922] stmvl53l0_init: End
[    4.723023] qcom,qpnp-rtc 800f000.qcom,spmi:qcom,pm660@0:qcom,pm660_rtc: rtc core: registered qpnp_rtc as rtc0
[    4.723655] i2c /dev entries driver
[    4.724809] iommu: Adding device soc:qcom,cam_smmu:msm_cam_smmu_cb1 to group 10
[    4.725166] CAM-SMMU cam_smmu_populate_sids:2331 __debug cnt = 8, cb->name: :vfe sid [0] = 3072
[    4.725166] ,
[    4.725169] CAM-SMMU cam_smmu_populate_sids:2331 __debug cnt = 8, cb->name: :vfe sid [1] = 3073
[    4.725169] ,
[    4.725171] CAM-SMMU cam_smmu_populate_sids:2331 __debug cnt = 8, cb->name: :vfe sid [2] = 3074
[    4.725171] ,
[    4.725514] CAM-SMMU cam_smmu_populate_sids:2331 __debug cnt = 8, cb->name: :vfe sid [3] = 3075
[    4.725514] ,
[    4.725514] iommu: Adding device soc:qcom,cam_smmu:msm_cam_smmu_cb2 to group 11
[    4.725964] CAM-SMMU cam_smmu_populate_sids:2331 __debug cnt = 2, cb->name: :cpp sid [0] = 2560
[    4.725964] ,
[    4.725965] iommu: Adding device soc:qcom,cam_smmu:msm_cam_smmu_cb4 to group 12
[    4.726321] CAM-SMMU cam_smmu_populate_sids:2331 __debug cnt = 2, cb->name: :jpeg_enc0 sid [0] = 2048
[    4.726321] ,
[    4.726322] iommu: Adding device soc:qcom,cam_smmu:msm_cam_smmu_cb5 to group 13
[    4.744503] CAM-SMMU cam_smmu_populate_sids:2331 __debug cnt = 2, cb->name: :jpeg_dma sid [0] = 2049
[    4.744503] ,
[    4.744503] msm_actuator_platform_probe:1972 msm_actuator_platform_probe: No/Error Actuator GPIOs
[    4.746049] msm_eeprom_platform_probe failed 1676
[    4.757164] MSM-CPP cpp_init_hardware:1140 CPP HW Version: 0x60010002
[    4.757185] MSM-CPP cpp_init_hardware:1158 stream_cnt:0
[    4.757523] MSM-CPP cpp_release_hardware:1221 cpp hw release done
[    4.759048] CAM-SOC msm_camera_get_reg_base:864 err: mem resource vfe_fuse not found
[    4.759052] CAM-SOC msm_camera_get_res_size:907 err: mem resource vfe_fuse not found
[    4.761356] CAM-SOC msm_camera_get_reg_base:864 err: mem resource vfe_fuse not found
[    4.761359] CAM-SOC msm_camera_get_res_size:907 err: mem resource vfe_fuse not found
[    4.781916] __msm_jpeg_init:1537] Jpeg Device id 0
[    4.781916] iommu: Adding device cc00000.qcom,vidc:non_secure_cb to group 14
[    4.784950] iommu: Adding device cc00000.qcom,vidc:firmware_cb to group 15
[    4.785321] iommu: Adding device cc00000.qcom,vidc:secure_bitstream_cb to group 16
[    4.787498] iommu: Adding device cc00000.qcom,vidc:secure_pixel_cb to group 17
[    4.789039] iommu: Adding device cc00000.qcom,vidc:secure_non_pixel_cb to group 18
[    4.794136] sde_smmu_callback: <SDEROT_INFO> sde_smmu_callback registered domain: 1
[    4.794139] sde_smmu_callback: <SDEROT_INFO> sde_smmu_callback registered domain: 0
[    4.795350] No change in context(0==0), skip
[    4.797075] sde_rotator_evtlog_create_debugfs: evtlog_status: enable:1, panic:1, dump:2
[    4.797155] sde_rotator c900000.qcom,mdss_rotator: <SDEROT_INFO> SDE v4l2 rotator probe success
[    4.798598] usbcore: registered new interface driver uvcvideo
[    4.798600] USB Video Class driver (1.1.1)
[    5.347012] QPNP SMB2 probed successfully usb:present=0 type=0 batt:present = 1 health = 1 charge = 1
[    5.351712] qpnp_vadc_read: Error reading vadc_hc channel 78
[    5.355232] thermal thermal_zone0: failed to read out thermal zone (-517)
[    5.361430] qpnp_vadc_read: Error reading vadc_hc channel 79
[    5.367636] thermal thermal_zone1: failed to read out thermal zone (-517)
[    5.373689] qpnp_vadc_read: Error reading vadc_hc channel 80
[    5.380051] thermal thermal_zone2: failed to read out thermal zone (-517)
[    5.415298] msm_lmh_dcvs:lmh_activate_trip lmh_activate_trip: disable not supported
[    5.416664] msm_lmh_dcvs:lmh_activate_trip lmh_activate_trip: disable not supported
[    5.422373] md: linear personality registered for level -1
[    5.429618] device-mapper: uevent: version 1.0.3
[    5.435251] device-mapper: ioctl: 4.34.0-ioctl (2015-10-28) initialised: dm-devel@redhat.com
[    5.439943] device-mapper: req-crypt: dm-req-crypt successfully initalized.
[    5.439943] 
[    5.449186] bt_power_populate_dt_pinfo: bt-reset-gpio not provided in device tree
[    5.456679] bt_dt_parse_vreg_info: qca,bt-vdd-io: is not provided in device tree
[    5.464173] bt_dt_parse_vreg_info: qca,bt-vdd-xtal: is not provided in device tree
[    5.472242] sdhci: Secure Digital Host Controller Interface driver
[    5.478804] sdhci: Copyright(c) Pierre Ossman
[    5.484981] sdhci-pltfm: SDHCI platform and OF driver helper
[    5.492000] qcom_ice_get_pdevice: found ice device ffffffc5b45a1c00
[    5.493475] usbcore: registered new interface driver usbhid
[    5.493477] usbhid: USB HID core driver
[    5.493606] ashmem: initialized
[    5.510540] qcom_ice_get_pdevice: matching platform device ffffffc5b4845400
[    5.517211] qcom_ice c0c8000.sdcc1ice: QC ICE 3.0.72 device found @0xffffff800b9a0000
[    5.521201] sdhci_msm c0c4000.sdhci: No vmmc regulator found
[    5.528545] sdhci_msm c0c4000.sdhci: No vqmmc regulator found
[    5.534791] mmc0: SDHCI controller on c0c4000.sdhci [c0c4000.sdhci] using 64-bit ADMA in CMDQ mode
[    5.631138] mmc0: Out-of-interrupt timeout is 100[ms]
[    5.631178] mmc0: eMMC FW version: 0x03
[    5.635166] mmc0: CMDQ supported: depth: 32
[    5.638814] mmc0: cache barrier support 1 flush policy 1
[    5.652484] cmdq_host_alloc_tdl: desc_size: 1024 data_sz: 63488 slot-sz: 32
[    5.652812] mmc0: CMDQ enabled on card
[    5.658247] mmc0: new HS400 MMC card at address 0001
[    5.663109] sdhci_msm_pm_qos_cpu_init (): voted for group #0 (mask=0xf) latency=-1
[    5.667200] sdhci_msm_pm_qos_cpu_init (): voted for group #1 (mask=0xf0) latency=-1
[    5.674796] mmcblk0: mmc0:0001 032GB2 29.1 GiB 
[    5.682636] mmcblk0rpmb: mmc0:0001 032GB2 partition 3 4.00 MiB
[    5.689812]  mmcblk0: p1 p2 p3 p4 p5 p6 p7 p8 p9 p10 p11 p12 p13 p14 p15 p16 p17 p18 p19 p20 p21 p22 p23 p24 p25 p26 p27 p28 p29 p30 p31 p32 p33 p34 p35 p36 p37 p38 p39 p40 p41 p42 p43 p44 p45 p46 p47 p48 p49 p50 p51 p52 p53 p54 p55 p56 p57 p58 p59 p60 p61 p62 p63 p64 p65 p66
[    5.704463] sdhci_msm c084000.sdhci: sdhci_msm_probe: ICE device is not enabled
[    5.721575] sdhci_msm c084000.sdhci: No vmmc regulator found
[    5.724134] sdhci_msm c084000.sdhci: No vqmmc regulator found
[    5.730528] mmc1: SDHCI controller on c084000.sdhci [c084000.sdhci] using 64-bit ADMA in legacy mode
[    5.772510] kimon: kimon_init: Using block size 0x00040000
[    5.772552] kimon: kimon_init: Using appraisal interval of 250 mskimon: kimon_init: Using init retry backoff of 5000 ms
[    5.782752] kimon: kimon_init: Using appraisal watchdog variance multiplier of 6 ms - watchdog max is 1500 ms[    5.792473] bimc-bwmon 1008000.qcom,cpu-bwmon: BW HWmon governor registered.
[    5.798084] arm-memlat-mon soc:qcom,arm-memlat-mon-0: Memory Latency governor registered.
[    5.804742] arm-memlat-mon soc:qcom,arm-memlat-mon-4: Memory Latency governor registered.
[    5.816475] devfreq soc:qcom,cpubw: Couldn't update frequency transition information.
[    5.821101] devfreq soc:qcom,mincpubw: Couldn't update frequency transition information.
[    5.828852] devfreq soc:qcom,memlat-cpu0: Couldn't update frequency transition information.
[    5.837044] devfreq soc:qcom,memlat-cpu4: Couldn't update frequency transition information.
[    5.849089] hw perfevents: enabled with armv8_pmuv3 PMU driver, 7 counters available
[    5.854710] usbcore: registered new interface driver snd-usb-audio
[    5.866928] pmic_analog_codec 800f000.qcom,spmi:qcom,pm660l@3:analog-codec@f000: Adsp is not loaded yet 0
[    5.888421] msm-dai-tdm soc:qcom,msm-dai-tdm-pri-rx: msm_dai_tdm_q6_probe: dev_name: soc:qcom,msm-dai-tdm-pri-rx group_id: 0x9100
[    5.888877] msm-dai-q6-tdm soc:qcom,msm-dai-tdm-pri-rx:qcom,msm-dai-q6-tdm-pri-rx-0: msm_dai_q6_tdm_dev_probe: dev_name: soc:qcom,msm-dai-tdm-pri-rx:qcom,msm-dai-q6-tdm-pri-rx-0 dev_id: 0x9000
[    5.899117] msm-dai-q6-tdm soc:qcom,msm-dai-tdm-pri-rx:qcom,msm-dai-q6-tdm-pri-rx-0: msm_dai_q6_tdm_dev_probe: Custom tdm header not supported
[    5.916369] msm-dai-tdm soc:qcom,msm-dai-tdm-pri-tx: msm_dai_tdm_q6_probe: dev_name: soc:qcom,msm-dai-tdm-pri-tx group_id: 0x9101
[    5.929202] msm-dai-q6-tdm soc:qcom,msm-dai-tdm-pri-tx:qcom,msm-dai-q6-tdm-pri-tx-0: msm_dai_q6_tdm_dev_probe: dev_name: soc:qcom,msm-dai-tdm-pri-tx:qcom,msm-dai-q6-tdm-pri-tx-0 dev_id: 0x9001
[    5.940625] msm-dai-q6-tdm soc:qcom,msm-dai-tdm-pri-tx:qcom,msm-dai-q6-tdm-pri-tx-0: msm_dai_q6_tdm_dev_probe: Custom tdm header not supported
[    5.957804] msm-dai-tdm soc:qcom,msm-dai-tdm-sec-rx: msm_dai_tdm_q6_probe: dev_name: soc:qcom,msm-dai-tdm-sec-rx group_id: 0x9110
[    5.970839] msm-dai-q6-tdm soc:qcom,msm-dai-tdm-sec-rx:qcom,msm-dai-q6-tdm-sec-rx-0: msm_dai_q6_tdm_dev_probe: dev_name: soc:qcom,msm-dai-tdm-sec-rx:qcom,msm-dai-q6-tdm-sec-rx-0 dev_id: 0x9010
[    5.982089] msm-dai-q6-tdm soc:qcom,msm-dai-tdm-sec-rx:qcom,msm-dai-q6-tdm-sec-rx-0: msm_dai_q6_tdm_dev_probe: Custom tdm header not supported
[    5.999284] msm-dai-tdm soc:qcom,msm-dai-tdm-sec-tx: msm_dai_tdm_q6_probe: dev_name: soc:qcom,msm-dai-tdm-sec-tx group_id: 0x9111
[    6.012682] msm-dai-q6-tdm soc:qcom,msm-dai-tdm-sec-tx:qcom,msm-dai-q6-tdm-sec-tx-0: msm_dai_q6_tdm_dev_probe: dev_name: soc:qcom,msm-dai-tdm-sec-tx:qcom,msm-dai-q6-tdm-sec-tx-0 dev_id: 0x9011
[    6.023614] msm-dai-q6-tdm soc:qcom,msm-dai-tdm-sec-tx:qcom,msm-dai-q6-tdm-sec-tx-0: msm_dai_q6_tdm_dev_probe: Custom tdm header not supported
[    6.040810] msm-dai-tdm soc:qcom,msm-dai-tdm-tert-rx: msm_dai_tdm_q6_probe: dev_name: soc:qcom,msm-dai-tdm-tert-rx group_id: 0x9120
[    6.053676] msm-dai-q6-tdm soc:qcom,msm-dai-tdm-tert-rx:qcom,msm-dai-q6-tdm-tert-rx-0: msm_dai_q6_tdm_dev_probe: dev_name: soc:qcom,msm-dai-tdm-tert-rx:qcom,msm-dai-q6-tdm-tert-rx-0 dev_id: 0x9020
[    6.065066] msm-dai-q6-tdm soc:qcom,msm-dai-tdm-tert-rx:qcom,msm-dai-q6-tdm-tert-rx-0: msm_dai_q6_tdm_dev_probe: Custom tdm header not supported
[    6.082805] msm-dai-tdm soc:qcom,msm-dai-tdm-tert-tx: msm_dai_tdm_q6_probe: dev_name: soc:qcom,msm-dai-tdm-tert-tx group_id: 0x9121
[    6.096005] msm-dai-q6-tdm soc:qcom,msm-dai-tdm-tert-tx:qcom,msm-dai-q6-tdm-tert-tx-0: msm_dai_q6_tdm_dev_probe: dev_name: soc:qcom,msm-dai-tdm-tert-tx:qcom,msm-dai-q6-tdm-tert-tx-0 dev_id: 0x9021
[    6.107253] msm-dai-q6-tdm soc:qcom,msm-dai-tdm-tert-tx:qcom,msm-dai-q6-tdm-tert-tx-0: msm_dai_q6_tdm_dev_probe: Custom tdm header not supported
[    6.124994] msm-dai-tdm soc:qcom,msm-dai-tdm-quat-rx: msm_dai_tdm_q6_probe: dev_name: soc:qcom,msm-dai-tdm-quat-rx group_id: 0x9130
[    6.138200] msm-dai-q6-tdm soc:qcom,msm-dai-tdm-quat-rx:qcom,msm-dai-q6-tdm-quat-rx-0: msm_dai_q6_tdm_dev_probe: dev_name: soc:qcom,msm-dai-tdm-quat-rx:qcom,msm-dai-q6-tdm-quat-rx-0 dev_id: 0x9030
[    6.149439] msm-dai-q6-tdm soc:qcom,msm-dai-tdm-quat-rx:qcom,msm-dai-q6-tdm-quat-rx-0: msm_dai_q6_tdm_dev_probe: Custom tdm header not supported
[    6.167181] msm-dai-tdm soc:qcom,msm-dai-tdm-quat-tx: msm_dai_tdm_q6_probe: dev_name: soc:qcom,msm-dai-tdm-quat-tx group_id: 0x9131
[    6.180372] msm-dai-q6-tdm soc:qcom,msm-dai-tdm-quat-tx:qcom,msm-dai-q6-tdm-quat-tx-0: msm_dai_q6_tdm_dev_probe: dev_name: soc:qcom,msm-dai-tdm-quat-tx:qcom,msm-dai-q6-tdm-quat-tx-0 dev_id: 0x9031
[    6.191638] msm-dai-q6-tdm soc:qcom,msm-dai-tdm-quat-tx:qcom,msm-dai-q6-tdm-quat-tx-0: msm_dai_q6_tdm_dev_probe: Custom tdm header not supported
[    6.221752] sdm660-asoc-snd soc:sound: msm_internal_init: default codec configured
[    6.227788] sdm660-asoc-snd soc:sound: ASoC: platform (null) not registered
[    6.230153] GACT probability NOT on
[    6.236492] Mirror/redirect action on
[    6.239950] u32 classifier
[    6.243752]     Actions configured
[    6.246379] Netfilter messages via NETLINK v0.30.
[    6.249793] nf_conntrack version 0.5.0 (16384 buckets, 65536 max)
[    6.254958] ctnetlink v0.93: registering with nfnetlink.
[    6.261386] xt_time: kernel timezone is -0000
[    6.266180] ip_tables: (C) 2000-2006 Netfilter Core Team
[    6.270395] arp_tables: (C) 2002 David S. Miller
[    6.275670] Initializing XFRM netlink socket
[    6.280976] NET: Registered protocol family 10
[    6.285832] mip6: Mobile IPv6
[    6.288731] ip6_tables: (C) 2000-2006 Netfilter Core Team
[    6.291955] sit: IPv6 over IPv4 tunneling driver
[    6.297625] NET: Registered protocol family 17
[    6.301871] NET: Registered protocol family 15
[    6.306111] bridge: automatic filtering via arp/ip/ip6tables has been deprecated. Update your scripts to load br_netfilter if you need this.
[    6.310526] Ebtables v2.0 registered
[    6.323398] l2tp_core: L2TP core driver, V2.0
[    6.326830] l2tp_ppp: PPPoL2TP kernel driver, V2.0
[    6.331097] l2tp_ip: L2TP IP encapsulation support (L2TPv3)
[    6.335778] l2tp_netlink: L2TP netlink interface
[    6.341272] l2tp_eth: L2TP ethernet pseudowire support (L2TPv3)
[    6.346126] l2tp_debugfs: L2TP debugfs support
[    6.351766] l2tp_ip6: L2TP IP encapsulation support for IPv6 (L2TPv3)
[    6.357074] NET: Registered protocol family 27
[    6.378798] subsys-pil-tz 15700000.qcom,lpass: for adsp segments only will be dumped.
[    6.380508] subsys-pil-tz 1a300000.qcom,turing: for cdsp segments only will be dumped.
[    6.386650] pil-q6v5-mss 4080000.qcom,mss: No pas_id found.
[    6.393994] platform 4080000.qcom,mss:qcom,mba-mem@0: assigned reserved memory node pil_mba_region@94800000
[    6.399453] pil-q6v5-mss 4080000.qcom,mss: for modem segments only will be dumped.
[    6.408712] pil-q6v5-mss 4080000.qcom,mss: for md_modem segments only will be dumped.
[    6.420461] sps:BAM 0x000000000a904000 is registered.
[    6.425679] pmic_analog_codec 800f000.qcom,spmi:qcom,pm660l@3:analog-codec@f000: Adsp is not loaded yet 0
[    6.430915] sdm660-asoc-snd soc:sound: msm_internal_init: default codec configured
[    6.431272] msm-dwc3 a800000.ssusb: DWC3 exited from low power mode
[    6.431596] msm-dwc3 a800000.ssusb: DWC3 in low power mode
[    6.458201] sdm660-asoc-snd soc:sound: ASoC: platform (null) not registered
[    6.459427] EDAC DEVICE0: Giving out device to module soc:arm64-cpu-erp controller cache: DEV soc:arm64-cpu-erp (INTERRUPT)
[    6.465494] ARM64 CPU ERP: Could not find <cci-irq> IRQ property. Proceeding anyway.
[    6.475910] ARM64 CPU ERP: SBE detection is disabled.
[    6.485133] Registered cp15_barrier emulation handler
[    6.488833] Registered setend emulation handler
[    6.493935] core_ctl: Creating CPU group 0
[    6.498185] core_ctl: Init CPU0 state
[    6.502374] core_ctl: Init CPU1 state
[    6.506081] core_ctl: Init CPU2 state
[    6.509728] core_ctl: Init CPU3 state
[    6.513568] core_ctl: Creating CPU group 4
[    6.517020] core_ctl: Init CPU4 state
[    6.521035] core_ctl: Init CPU5 state
[    6.524745] core_ctl: Init CPU6 state
[    6.528390] core_ctl: Init CPU7 state
[    6.532577] registered taskstats version 1
[    6.535706] Loading compiled-in X.509 certificates
[    6.541084] Loaded X.509 cert 'Build time autogenerated kernel key: 42e25a69c24fc772c3ad4e1f57e10d740c5e7b26'
[    6.544894] Loaded X.509 cert 'Android: 7e4333f9bba00adfe0ede979e28ed1920492b40f'
[    6.554876] Loaded X.509 cert 'MotorolaSolutions: AMP-dmverity: 3e9aae144b4cdb1deb520519f3420cf7cee62b71'
[    6.562992] kworker/u16:5 (441) used greatest stack depth: 13160 bytes left
[    6.572952] Key type encrypted registered
[    6.578261] msm_smem 86000000.qcom,smem: for smem segments only will be dumped.
[    6.582688] spss_utils [spss_init]: spss-utils driver Ver 1.2 13-Jan-2017.
[    6.592049] fastrpc soc:qcom,msm-adsprpc-mem: for adsp_rh segments only will be dumped.
[    6.596579] ADSPRPC: gcinfo[0].heap_vmid 33
[    6.604646] iommu: Adding device soc:qcom,msm_fastrpc:qcom,msm_fastrpc_compute_cb1 to group 19
[    6.609857] iommu: Adding device soc:qcom,msm_fastrpc:qcom,msm_fastrpc_compute_cb2 to group 20
[    6.618549] iommu: Adding device soc:qcom,msm_fastrpc:qcom,msm_fastrpc_compute_cb3 to group 21
[    6.627138] iommu: Adding device soc:qcom,msm_fastrpc:qcom,msm_fastrpc_compute_cb4 to group 22
[    6.635736] iommu: Adding device soc:qcom,msm_fastrpc:qcom,msm_fastrpc_compute_cb5 to group 23
[    6.645004] iommu: Adding device soc:qcom,msm_fastrpc:qcom,msm_fastrpc_compute_cb6 to group 24
[    6.652943] iommu: Adding device soc:qcom,msm_fastrpc:qcom,msm_fastrpc_compute_cb7 to group 25
[    6.661342] iommu: Adding device soc:qcom,msm_fastrpc:qcom,msm_fastrpc_compute_cb8 to group 26
[    6.669791] iommu: Adding device soc:qcom,msm_fastrpc:qcom,msm_fastrpc_compute_cb9 to group 27
[    6.678361] iommu: Adding device soc:qcom,msm_fastrpc:qcom,msm_fastrpc_compute_cb10 to group 28
[    6.686969] iommu: Adding device soc:qcom,msm_fastrpc:qcom,msm_fastrpc_compute_cb11 to group 29
[    6.695583] iommu: Adding device soc:qcom,msm_fastrpc:qcom,msm_fastrpc_compute_cb12 to group 30
[    6.704232] iommu: Adding device soc:qcom,msm_fastrpc:qcom,msm_fastrpc_compute_cb13 to group 31
[    6.714275] pmic_analog_codec 800f000.qcom,spmi:qcom,pm660l@3:analog-codec@f000: Adsp is not loaded yet 0
[    6.722437] sdm660-asoc-snd soc:sound: msm_internal_init: default codec configured
[    6.736226] sdm660-asoc-snd soc:sound: ASoC: platform (null) not registered
[    6.739527] pmic_analog_codec 800f000.qcom,spmi:qcom,pm660l@3:analog-codec@f000: Adsp is not loaded yet 0
[    6.741027] RNDIS_IPA module is loaded.
[    6.741027] input input2: cannot get bp_aud_unmute pinctrl active state
[    6.741030] gpio-keys soc:gpio_keys: cannot set ts pinctrl active state
[    6.741689] input input3: cannot get bp_aud_unmute pinctrl active state
[    6.741691] gpio-keys soc:msi_gpio_keys: cannot set ts pinctrl active state
[    6.744663] qcom,qpnp-rtc 800f000.qcom,spmi:qcom,pm660@0:qcom,pm660_rtc: setting system clock to 1970-01-01 00:02:29 UTC (149)
[    6.746116] msm-core initialized without polling period
[    6.750118] lmh_lite:lmh_parse_sensor Registering sensor:[GLM_soc]
[    6.750497] lmh_lite:lmh_parse_sensor Registering sensor:[LLM_cp1-]
[    6.750874] lmh_lite:lmh_parse_sensor Registering sensor:[LLM_cp0-]
[    6.751248] soc:qcom,lmh supply vdd-apss not found, using dummy regulator
[    6.751296] lmh_lite:lmh_get_sensor_devicetree Error getting ODCM thresh. err:-22
[    6.753257] calculate_residency: residency < 0 for LPM
[    6.753260] parse_cpu_levels: idx 1 172
[    6.753261] parse_cpu_levels: idx 2 1181
[    6.753263] parse_cpu_levels: idx 2 2009
[    6.753275] calculate_residency: residency < 0 for LPM
[    6.753422] parse_cpu_levels: idx 1 191
[    6.753423] parse_cpu_levels: idx 2 1109
[    6.753425] parse_cpu_levels: idx 2 2410
[    6.753434] calculate_residency: residency < 0 for LPM
[    6.759730] rmnet_ipa started initialization
[    6.759733] IPA SSR support = True
[    6.759735] IPA ipa-loaduC = True
[    6.759738] IPA SG support = True
[    6.759740] IPA Napi Enable = False
[    6.759742] using default for wan-rx-desc-size = 1024
[    6.763007] ipa ipa_sps_irq_control_all:963 EP (5) not allocated.
[    6.763012] ipa ipa2_uc_state_check:301 uC is not loaded
[    6.763988] rmnet_ipa completed initialization
[    6.796046] gfx_mem_acc_corner: disabling
[    6.796054] apc0_pwrcl_corner: disabling
[    6.796056] apc1_perfcl_corner: disabling
[    6.796065] gdsc_ufs: disabling
[    6.796086] gdsc_venus: disabling
[    6.796127] regulator_proxy_consumer_remove_all: removing regulator proxy consumer requests
[    6.799349] ALSA devi[    6.941411] md: Waiting for all devices to be available before autodetect
[    6.941437] md: If you don't use raid, use raid=noautodetect
[    6.942509] sdm660-asoc-snd soc:sound: msm_internal_init: default codec configured
[    6.947938] sdm660-asoc-snd soc:sound: ASoC: platform (null) not registered
[    6.948766] pmic_analog_codec 800f000.qcom,spmi:qcom,pm660l@3:analog-codec@f000: Adsp is not loaded yet 0
[    6.967962] md: Autodetecting RAID arrays.
[    6.976869] md: Scanned 0 and added 0 devices.
[    6.980863] md: autorun ...
[    6.985267] md: ... autorun DONE.
[    6.987968] device-mapper: init: attempting early device configuration.
[    6.992387] device-mapper: init: adding target '0 1 android-verity /dev/mmcblk0p14'
[    6.997949] device-mapper: android-verity: key:id:7e4333f9bba00adfe0ede979e28ed1920492b40f dev:/dev/mmcblk0p14
[    7.009336] device-mapper: android-verity: bio magic_number:2952900609 protocol_version:0 table_length:236
[    7.015641] device-mapper: android-verity: verity_table: 1 /dev/block/bootdevice/by-name/system /dev/block/bootdevice/by-name/system 4096 4096 774155 774155 sha256 c35e8bc509dabc00b949781b5ec0543299f939fcbaac8861a2bcb4a48042aa6b c469f82d3902df87a19d190eb9c78d0939c2b44e76bae87e3d4403896cc59963
[    7.029730] IPC_RTR: msm_ipc_router_smd_driver_register Already driver registered IPCRTR
[    7.051651] device-mapper: android-verity: Signature verification success
[    7.059328] device-mapper: android-verity: Data sectors 6193240
[    7.066033] IPC_RTR: msm_ipc_router_smd_driver_register Already driver registered IPCRTR
[    7.067604] device-mapper: android-verity: android-verity mounted as verity target
[    7.068110] device-mapper: init: dm-0 is ready
[    7.080076] EXT4-fs (dm-0): couldn't mount as ext3 due to feature incompatibilities
[    7.095790] EXT4-fs (dm-0): mounted filesystem with ordered data mode. Opts: (null)
[    7.099463] VFS: Mounted root (ext4 filesystem) readonly on device 252:0.
[    7.116915] Freeing unused kernel memory: 12288K (ffffff9a60000000 - ffffff9a60c00000)
[    7.155259] init: init first stage started!
[    7.157645] init: Using Android DT directory /proc/device-tree/firmware/android/
[    7.432695] init (502) used greatest stack depth: 12840 bytes left
[    7.434868] init: [libfs_mgr]Verifying using rsa key: /msi_verity_key
[    7.438272] init: [libfs_mgr]Couldn't verify table using the key: /msi_verity_key
[    7.445519] init: [libfs_mgr]Verifying using rsa key: /verity_key
[    7.452203] init: [libfs_mgr]Verified image successfully!
[    7.457848] init: [libfs_mgr]Enabling dm-verity for vendor (mode 2)
[    7.463568] init: [libfs_mgr]Verity table: updated block device from '/dev/block/bootdevice/by-name/vendor' to '/dev/block/platform/soc/c0c4000.sdhci/by-name/vendor_a'
[    7.469310] init: [libfs_mgr]Verity table: updated block device from '/dev/block/bootdevice/by-name/vendor' to '/dev/block/platform/soc/c0c4000.sdhci/by-name/vendor_a'
[    7.484281] init: [libfs_mgr]loading verity table: '1 /dev/block/platform/soc/c0c4000.sdhci/by-name/vendor_a /dev/block/platform/soc/c0c4000.sdhci/by-name/vendor_a 4096 4096 201594 201594 sha256 aed50b158596c41e6090ef123dc489c75d112d545f9d543b1ef0ac17ddbb9557 46e168c99522c5796615f2e0a460ad929a4c6717dcf059383dd9759379449467 10 restart_on_corruption use_fec_from_device /dev/block/platform/soc/c0c4000.sdhci/by-name/vendor_a fec_start 203191 fec_blocks 203191 fec_roots 2 ignore_zero_blocks'
[    7.546239] EXT4-fs (dm-1): mounting with "discard" option, but the device does not support discard
[    7.546279] EXT4-fs (dm-1): mounted filesystem with ordered data mode. Opts: barrier=1,discard
[    7.554241] init: [libfs_mgr]__mount(source=/dev/block/dm-1,target=/vendor,type=ext4)=0: Success
[    7.563016] init: Skipped setting INIT_AVB_VERSION (not in recovery mode)
[    7.571734] init: Loading SELinux policy
[    7.578523] init: selinux_is_split_policy_device() is not factory
[    7.582458] init: selinux_load_split_policy()
[    7.588375] init: NOT msi_factory_mode() local_normal_precompiled_sepolicy
[    7.604901] init: NOT msi_factory_mode() accessling NORMAL_PRECOMPILED_SEPOLICY_SHA256
[    7.605390] init: *file = NORMAL_PRECOMPILED_SEPOLICY 
[    7.790011] audit: type=1403 audit(150.529:2): policy loaded auid=4294967295 ses=4294967295
[    7.790564] selinux: SELinux: Loaded policy from /vendor/etc/selinux/precompiled_sepolicy
[    7.790564] 
[    7.797600] audit: type=1404 audit(150.549:3): enforcing=1 old_enforcing=0 auid=4294967295 ses=4294967295
[    7.807237] selinux: SELinux: selinux_android_file_context_handle(): MSI Factory Case 3.
[    7.821773] selinux: SELinux: Loaded file_contexts
[    7.821773] 
[    7.827250] init: init second stage started!
[    7.842091] init: Using Android DT directory /proc/device-tree/firmware/android/
[    7.842858] selinux: SELinux: selinux_android_file_context_handle(): MSI Factory Case 3.
[    7.851806] selinux: SELinux: Loaded file_contexts
[    7.851806] 
[    7.856650] selinux: SELinux: selinux_android_prop_context_handle(): MSI Factory Case 3.
[    7.863282] selinux: SELinux: Loaded property_contexts from /system/etc/selinux/plat_property_contexts & /vendor/etc/selinux/nonplat_property_contexts.
[    7.863282] 
[    7.871009] init: Running restorecon...
[    7.892236] init: waitid failed: No child processes
[    7.893678] init: Couldn't load property file: Unable to open '/odm/default.prop': No such file or directory: No such file or directory
[    7.897876] init: Created socket '/dev/socket/property_service', mode 666, user 0, group 0
[    7.908284] init: Parsing file /init.rc...
[    7.918576] init: Added '/init.environ.rc' to import list
[    7.920489] init: Added '/init.usb.rc' to import list
[    7.925983] init: Added '/init.qcom.rc' to import list
[    7.931043] init: Added '/vendor/etc/init/hw/init.qcom.rc' to import list
[    7.936028] init: Added '/init.usb.configfs.rc' to import list
[    7.942902] init: Added '/init.zygote64_32.rc' to import list
[    7.949341] init: Parsing file /init.environ.rc...
[    7.955592] init: Parsing file /init.usb.rc...
[    7.960476] init: Parsing file /init.qcom.rc...
[    7.963623] init: Unable to open '/init.qcom.rc': No such file or directory
[    7.967982] init: /init.rc: 9: Could not import file '/init.qcom.rc': No such file or directory
[    7.976498] init: Parsing file /vendor/etc/init/hw/init.qcom.rc...
[    7.985807] init: Added '/vendor/etc/init/hw/init.qcom.usb.rc' to import list
[    7.989849] init: Added '/vendor/etc/init/hw/init.msm.usb.configfs.rc' to import list
[    7.997116] init: Added '/vendor/etc/init/hw/init.target.rc' to import list
[    8.004889] init: Added '/vendor/etc/init/hw/init.qcom.factory.rc' to import list
[    8.011658] init: Added '/vendor/etc/init/hw/init.qcom.test.rc' to import list
[    8.019816] init: /vendor/etc/init/hw/init.qcom.rc: 627: user requires 1 argument
[    8.027278] init: Parsing file /vendor/etc/init/hw/init.qcom.usb.rc...
[    8.039734] init: Parsing file /vendor/etc/init/hw/init.msm.usb.configfs.rc...
[    8.044003] init: Parsing file /vendor/etc/init/hw/init.target.rc...
[    8.049609] init: Added '/vendor/etc/init/hw/init.msi.factory.rc' to import list
[    8.054549] init: /vendor/etc/init/hw/init.target.rc: 407: ignored duplicate definition of service 'time_daemon'
[    8.062182] init: Parsing file /vendor/etc/init/hw/init.msi.factory.rc...
[    8.073013] init: Parsing file /vendor/etc/init/hw/init.qcom.factory.rc...
[    8.079510] init: Parsing file /vendor/etc/init/hw/init.qcom.test.rc...
[    8.086328] init: Parsing file /init.usb.configfs.rc...
[    8.093242] init: Parsing file /init.zygote64_32.rc...
[    8.097921] init: Parsing directory /system/etc/init...
[    8.103203] init: Parsing file /system/etc/init/android.hidl.allocator@1.0-service.rc...
[    8.108191] init: Parsing file /system/etc/init/atrace.rc...
[    8.116968] init: Parsing file /system/etc/init/atrace_userdebug.rc...
[    8.122271] init: Parsing file /system/etc/init/audioserver.rc...
[    8.128511] init: Parsing file /system/etc/init/bootanim.rc...
[    8.134736] init: Parsing file /system/etc/init/bootstat.rc...
[    8.140495] init: Parsing file /system/etc/init/cameraserver.rc...
[    8.146437] init: Parsing file /system/etc/init/dpmd.rc...
[    8.152454] init: Parsing file /system/etc/init/drmserver.rc...
[    8.157826] init: Parsing file /system/etc/init/dumpstate.rc...
[    8.163735] init: Parsing file /system/etc/init/gatekeeperd.rc...
[    8.169534] init: Parsing file /system/etc/init/hwservicemanager.rc...
[    8.175900] init: Parsing file /system/etc/init/init-debug.rc...
[    8.182307] init: Parsing file /system/etc/init/init.msi_inputd.rc...
[    8.188385] init: Parsing file /system/etc/init/init.qti.fm.rc...
[    8.194813] init: Parsing file /system/etc/init/installd.rc...
[    8.201031] init: Parsing file /system/etc/init/keystore.rc...
[    8.206547] init: Parsing file /system/etc/init/lmkd.rc...
[    8.212424] init: Parsing file /system/etc/init/logcatd.rc...
[    8.217885] init: Parsing file /system/etc/init/logd.rc...
[    8.223751] init: Parsing file /system/etc/init/logtagd.rc...
[    8.228993] init: Parsing file /system/etc/init/mdnsd.rc...
[    8.234997] init: Parsing file /system/etc/init/mediadrmserver.rc...
[    8.240213] init: Parsing file /system/etc/init/mediaextractor.rc...
[    8.247009] init: Parsing file /system/etc/init/mediametrics.rc...
[    8.253228] init: Parsing file /system/etc/init/mediaserver.rc...
[    8.259132] init: Parsing file /system/etc/init/mtpd.rc...
[    8.265377] init: Parsing file /system/etc/init/netd.rc...
[    8.270674] init: Parsing file /system/etc/init/perfprofd.rc...
[    8.276222] init: Parsing file /system/etc/init/racoon.rc...
[    8.282041] init: Parsing file /system/etc/init/recovery-persist.rc...
[    8.287848] init: Parsing file /system/etc/init/recovery-refresh.rc...
[    8.294278] init: Parsing file /system/etc/init/servicemanager.rc...
[    8.300723] init: Parsing file /system/etc/init/storaged.rc...
[    8.307299] init: Parsing file /system/etc/init/surfaceflinger.rc...
[    8.312968] init: Parsing file /system/etc/init/thermalservice.rc...
[    8.319358] init: Parsing file /system/etc/init/tombstoned.rc...
[    8.325802] init: Parsing file /system/etc/init/uncrypt.rc...
[    8.331860] init: Parsing file /system/etc/init/update_engine.rc...
[    8.337369] init: Parsing file /system/etc/init/update_verifier.rc...
[    8.343629] init: Parsing file /system/etc/init/vdc.rc...
[    8.349997] init: Parsing file /system/etc/init/vold.rc...
[    8.355495] init: Parsing file /system/etc/init/webview_zygote32.rc...
[    8.360867] init: Parsing file /system/etc/init/webview_zygote64.rc...
[    8.367314] init: Parsing file /system/etc/init/wfdservice.rc...
[    8.373898] init: Parsing file /system/etc/init/wifi-events.rc...
[    8.380025] init: Parsing file /system/etc/init/wificond.rc...
[    8.386064] init: Parsing directory /vendor/etc/init...
[    8.390703] init: Parsing file /vendor/etc/init/android.hardware.audio@2.0-service.rc...
[    8.396916] init: Parsing file /vendor/etc/init/android.hardware.bluetooth@1.0-service-qti.rc...
[    8.405240] init: Parsing file /vendor/etc/init/android.hardware.boot@1.0-service.rc...
[    8.413993] init: Parsing file /vendor/etc/init/android.hardware.camera.provider@2.4-service.rc...
[    8.421642] init: Parsing file /vendor/etc/init/android.hardware.cas@1.0-service.rc...
[    8.430659] init: Parsing file /vendor/etc/init/android.hardware.configstore@1.0-service.rc...
[    8.438645] init: Parsing file /vendor/etc/init/android.hardware.drm@1.0-service.rc...
[    8.447167] init: Parsing file /vendor/etc/init/android.hardware.gatekeeper@1.0-service-qti.rc...
[    8.455139] init: Parsing file /vendor/etc/init/android.hardware.graphics.allocator@2.0-service.rc...
[    8.464086] init: Parsing file /vendor/etc/init/android.hardware.graphics.composer@2.1-service.rc...
[    8.473300] init: Parsing file /vendor/etc/init/android.hardware.health@1.0-service.rc...
[    8.482478] init: Parsing file /vendor/etc/init/android.hardware.keymaster@3.0-service-qti.rc...
[    8.490468] init: Parsing file /vendor/etc/init/android.hardware.light@2.0-service.rc...
[    8.499400] init: Parsing file /vendor/etc/init/android.hardware.media.omx@1.0-service.rc...
[    8.507507] init: Parsing file /vendor/etc/init/android.hardware.memtrack@1.0-service.rc...
[    8.515898] init: Parsing file /vendor/etc/init/android.hardware.power@1.0-service.rc...
